Component: ARM Compiler 5.06 update 6 (build 750) Tool: armlink [4d35ed]

==============================================================================

Section Cross References

    startup_stm32f427xx.o(RESET) refers to startup_stm32f427xx.o(STACK) for __initial_sp
    startup_stm32f427xx.o(RESET) refers to startup_stm32f427xx.o(.text) for Reset_Handler
    startup_stm32f427xx.o(RESET) refers to stm32f4xx_it.o(i.NMI_Handler) for NMI_Handler
    startup_stm32f427xx.o(RESET) refers to stm32f4xx_it.o(i.HardFault_Handler) for HardFault_Handler
    startup_stm32f427xx.o(RESET) refers to stm32f4xx_it.o(i.MemManage_Handler) for MemManage_Handler
    startup_stm32f427xx.o(RESET) refers to stm32f4xx_it.o(i.BusFault_Handler) for BusFault_Handler
    startup_stm32f427xx.o(RESET) refers to stm32f4xx_it.o(i.UsageFault_Handler) for UsageFault_Handler
    startup_stm32f427xx.o(RESET) refers to stm32f4xx_it.o(i.SVC_Handler) for SVC_Handler
    startup_stm32f427xx.o(RESET) refers to stm32f4xx_it.o(i.DebugMon_Handler) for DebugMon_Handler
    startup_stm32f427xx.o(RESET) refers to stm32f4xx_it.o(i.PendSV_Handler) for PendSV_Handler
    startup_stm32f427xx.o(RESET) refers to stm32f4xx_it.o(i.SysTick_Handler) for SysTick_Handler
    startup_stm32f427xx.o(RESET) refers to stm32f4xx_it.o(i.DMA1_Stream2_IRQHandler) for DMA1_Stream2_IRQHandler
    startup_stm32f427xx.o(RESET) refers to stm32f4xx_it.o(i.DMA1_Stream3_IRQHandler) for DMA1_Stream3_IRQHandler
    startup_stm32f427xx.o(RESET) refers to stm32f4xx_it.o(i.DMA1_Stream5_IRQHandler) for DMA1_Stream5_IRQHandler
    startup_stm32f427xx.o(RESET) refers to stm32f4xx_it.o(i.DMA1_Stream6_IRQHandler) for DMA1_Stream6_IRQHandler
    startup_stm32f427xx.o(RESET) refers to stm32f4xx_it.o(i.USART2_IRQHandler) for USART2_IRQHandler
    startup_stm32f427xx.o(RESET) refers to stm32f4xx_it.o(i.UART4_IRQHandler) for UART4_IRQHandler
    startup_stm32f427xx.o(RESET) refers to stm32f4xx_it.o(i.TIM6_DAC_IRQHandler) for TIM6_DAC_IRQHandler
    startup_stm32f427xx.o(RESET) refers to stm32f4xx_it.o(i.DMA2_Stream1_IRQHandler) for DMA2_Stream1_IRQHandler
    startup_stm32f427xx.o(RESET) refers to stm32f4xx_it.o(i.DMA2_Stream6_IRQHandler) for DMA2_Stream6_IRQHandler
    startup_stm32f427xx.o(RESET) refers to stm32f4xx_it.o(i.USART6_IRQHandler) for USART6_IRQHandler
    startup_stm32f427xx.o(RESET) refers to stm32f4xx_it.o(i.UART7_IRQHandler) for UART7_IRQHandler
    startup_stm32f427xx.o(.text) refers to system_stm32f4xx.o(i.SystemInit) for SystemInit
    startup_stm32f427xx.o(.text) refers to entry.o(.ARM.Collect$$$$00000000) for __main
    example.o(i.Example_Control) refers to rc_process.o(.data) for pRC_Normalization
    example.o(i.Example_Control) refers to example.o(.data) for temp
    example.o(i.Example_Control) refers to scheduler.o(.data) for pMotor
    example.o(i.Example_Exchage_COM) refers to md_twoboardcom.o(.data) for f_NewRCDataReady
    example.o(i.Example_Exchage_COM) refers to md_twoboardcom.o(.bss) for m_RC_input_from_F1
    example.o(i.Example_Exchage_COM) refers to scheduler.o(.data) for pMotor
    example.o(i.Example_Exchage_COM) refers to md_twoboardcom.o(i.Com_TwoBoard_RB_Update) for Com_TwoBoard_RB_Update
    example.o(i.Example_Exchage_COM) refers to example.o(i.Example_Control) for Example_Control
    example.o(i.Example_Exchage_COM) refers to md_twoboardcom.o(i.Com_TwoBoard_Msg_MotorValue_Send) for Com_TwoBoard_Msg_MotorValue_Send
    main.o(i.HAL_TIM_PeriodElapsedCallback) refers to main.o(.data) for Timer6UpdateReady
    main.o(i.HAL_UART_RxCpltCallback) refers to md_gps.o(i.GPS_RX_InterruptHandler) for GPS_RX_InterruptHandler
    main.o(i.HAL_UART_RxCpltCallback) refers to md_twoboardcom.o(i.Com_TwoBoard_RX_InterruptHandler) for Com_TwoBoard_RX_InterruptHandler
    main.o(i.HAL_UART_TxCpltCallback) refers to md_twoboardcom.o(i.Com_TwoBoard_TX_InterruptHandler) for Com_TwoBoard_TX_InterruptHandler
    main.o(i.SystemClock_Config) refers to memseta.o(.text) for __aeabi_memclr4
    main.o(i.SystemClock_Config) refers to stm32f4xx_hal_rcc.o(i.HAL_RCC_OscConfig) for HAL_RCC_OscConfig
    main.o(i.SystemClock_Config) refers to main.o(i.Error_Handler) for Error_Handler
    main.o(i.SystemClock_Config) refers to stm32f4xx_hal_rcc.o(i.HAL_RCC_ClockConfig) for HAL_RCC_ClockConfig
    main.o(i.main) refers to tim.o(.bss) for htim6
    main.o(i.main) refers to main.o(.data) for Timer6UpdateReady
    main.o(i.main) refers to md_ms56xx.o(.data) for m_Ms56xx
    main.o(i.main) refers to sensor.o(.data) for BARO_Alt
    main.o(i.main) refers to main.o(.bss) for Baro_Lp
    main.o(i.main) refers to stm32f4xx_hal.o(i.HAL_Init) for HAL_Init
    main.o(i.main) refers to main.o(i.SystemClock_Config) for SystemClock_Config
    main.o(i.main) refers to gpio.o(i.MX_GPIO_Init) for MX_GPIO_Init
    main.o(i.main) refers to dma.o(i.MX_DMA_Init) for MX_DMA_Init
    main.o(i.main) refers to spi.o(i.MX_SPI1_Init) for MX_SPI1_Init
[...]
    Sim_I2C1_START                           0x08008285   Thumb Code   140  md_hmc5883.o(i.Sim_I2C1_START)
    Sim_I2C1_STOP                            0x08008311   Thumb Code   118  md_hmc5883.o(i.Sim_I2C1_STOP)
    Sim_I2C1_SendACK                         0x08008387   Thumb Code   152  md_hmc5883.o(i.Sim_I2C1_SendACK)
    Sim_I2C1_SendByte                        0x0800841f   Thumb Code   204  md_hmc5883.o(i.Sim_I2C1_SendByte)
    Sim_I2C1_SendNACK                        0x080084eb   Thumb Code   152  md_hmc5883.o(i.Sim_I2C1_SendNACK)
    Sim_I2C1_Wait_Ack                        0x08008583   Thumb Code   162  md_hmc5883.o(i.Sim_I2C1_Wait_Ack)
    Sim_I2C1_Write8                          0x08008625   Thumb Code    76  md_hmc5883.o(i.Sim_I2C1_Write8)
    SysTick_Handler                          0x08008671   Thumb Code     8  stm32f4xx_it.o(i.SysTick_Handler)
    SystemClock_Config                       0x08008679   Thumb Code   194  main.o(i.SystemClock_Config)
    SystemInit                               0x0800873b   Thumb Code    40  system_stm32f4xx.o(i.SystemInit)
    SystemStateUpdate                        0x08008763   Thumb Code  3170  scheduler.o(i.SystemStateUpdate)
    TIM6_DAC_IRQHandler                      0x080093c5   Thumb Code    16  stm32f4xx_it.o(i.TIM6_DAC_IRQHandler)
    TIM_Base_SetConfig                       0x080093d5   Thumb Code   272  stm32f4xx_hal_tim.o(i.TIM_Base_SetConfig)
    Transform                                0x080094e5   Thumb Code    14  sensor.o(i.Transform)
    Traverse_magvalue_XY                     0x080094f3   Thumb Code   234  mag_calibration.o(i.Traverse_magvalue_XY)
    Traverse_magvalue_Z                      0x080095dd   Thumb Code   118  mag_calibration.o(i.Traverse_magvalue_Z)
    UART4_IRQHandler                         0x08009653   Thumb Code    16  stm32f4xx_it.o(i.UART4_IRQHandler)
    UART7_IRQHandler                         0x08009663   Thumb Code    16  stm32f4xx_it.o(i.UART7_IRQHandler)
    UBX_Receive                              0x08009d51   Thumb Code    48  md_ubx.o(i.UBX_Receive)
    USART2_IRQHandler                        0x08009d81   Thumb Code    16  stm32f4xx_it.o(i.USART2_IRQHandler)
    USART6_IRQHandler                        0x08009d91   Thumb Code    16  stm32f4xx_it.o(i.USART6_IRQHandler)
    UsageFault_Handler                       0x08009da1   Thumb Code     4  stm32f4xx_it.o(i.UsageFault_Handler)
    Velocity_Reference_Calculation           0x08009da5   Thumb Code   738  mc_pos_control.o(i.Velocity_Reference_Calculation)
    __0printf                                0x0800a089   Thumb Code    22  printfa.o(i.__0printf)
    __1printf                                0x0800a089   Thumb Code     0  printfa.o(i.__0printf)
    __2printf                                0x0800a089   Thumb Code     0  printfa.o(i.__0printf)
    __c89printf                              0x0800a089   Thumb Code     0  printfa.o(i.__0printf)
    printf                                   0x0800a089   Thumb Code     0  printfa.o(i.__0printf)
    __ARM_fpclassify                         0x0800a0a9   Thumb Code    48  fpclassify.o(i.__ARM_fpclassify)
    __ARM_fpclassifyf                        0x0800a0d9   Thumb Code    38  fpclassifyf.o(i.__ARM_fpclassifyf)
    __hardfp_acos                            0x0800a151   Thumb Code   738  acos.o(i.__hardfp_acos)
    __hardfp_asin                            0x0800a4a9   Thumb Code   770  asin.o(i.__hardfp_asin)
    __hardfp_asinf                           0x0800a809   Thumb Code   258  asinf.o(i.__hardfp_asinf)
    __hardfp_atan                            0x0800a939   Thumb Code   622  atan.o(i.__hardfp_atan)
    __hardfp_atan2                           0x0800ac11   Thumb Code   432  atan2.o(i.__hardfp_atan2)
    __hardfp_atan2f                          0x0800ae01   Thumb Code   502  atan2f.o(i.__hardfp_atan2f)
    __hardfp_cos                             0x0800b051   Thumb Code   180  cos.o(i.__hardfp_cos)
    __hardfp_cosf                            0x0800b119   Thumb Code   280  cosf.o(i.__hardfp_cosf)
    __hardfp_fabs                            0x0800b269   Thumb Code    20  fabs.o(i.__hardfp_fabs)
    __hardfp_fmaxf                           0x0800b27d   Thumb Code    72  fmaxf.o(i.__hardfp_fmaxf)
    __hardfp_fminf                           0x0800b2c5   Thumb Code    72  fminf.o(i.__hardfp_fminf)
    __hardfp_powf                            0x0800b30d   Thumb Code  1606  powf.o(i.__hardfp_powf)
    __mathlib_powf                           0x0800b30d   Thumb Code     0  powf.o(i.__hardfp_powf)
    __hardfp_sin                             0x0800b971   Thumb Code   180  sin.o(i.__hardfp_sin)
    __hardfp_sinf                            0x0800ba39   Thumb Code   344  sinf.o(i.__hardfp_sinf)
    __hardfp_sqrt                            0x0800bbc9   Thumb Code   122  sqrt.o(i.__hardfp_sqrt)
    __hardfp_sqrtf                           0x0800bc43   Thumb Code    58  sqrtf.o(i.__hardfp_sqrtf)
    __hardfp_tanf                            0x0800bc7d   Thumb Code   322  tanf.o(i.__hardfp_tanf)
    __ieee754_rem_pio2                       0x0800bdf9   Thumb Code   938  rred.o(i.__ieee754_rem_pio2)
    __kernel_cos                             0x0800c231   Thumb Code   322  cos_i.o(i.__kernel_cos)
    __kernel_poly                            0x0800c3a1   Thumb Code   248  poly.o(i.__kernel_poly)
    __kernel_sin                             0x0800c499   Thumb Code   280  sin_i.o(i.__kernel_sin)
    __mathlib_dbl_infnan                     0x0800c5c9   Thumb Code    20  dunder.o(i.__mathlib_dbl_infnan)
    __mathlib_dbl_infnan2                    0x0800c5dd   Thumb Code    20  dunder.o(i.__mathlib_dbl_infnan2)
    __mathlib_dbl_invalid                    0x0800c5f1   Thumb Code    24  dunder.o(i.__mathlib_dbl_invalid)
    __mathlib_dbl_underflow                  0x0800c611   Thumb Code    24  dunder.o(i.__mathlib_dbl_underflow)
    __mathlib_flt_divzero                    0x0800c631   Thumb Code    14  funder.o(i.__mathlib_flt_divzero)
    __mathlib_flt_infnan                     0x0800c645   Thumb Code     6  funder.o(i.__mathlib_flt_infnan)
    __mathlib_flt_infnan2                    0x0800c64b   Thumb Code     6  funder.o(i.__mathlib_flt_infnan2)
    __mathlib_flt_invalid                    0x0800c651   Thumb Code    10  funder.o(i.__mathlib_flt_invalid)
    __mathlib_flt_overflow                   0x0800c661   Thumb Code    10  funder.o(i.__mathlib_flt_overflow)
    __mathlib_flt_underflow                  0x0800c671   Thumb Code    10  funder.o(i.__mathlib_flt_underflow)
    __mathlib_rredf2                         0x0800c681   Thumb Code   316  rredf.o(i.__mathlib_rredf2)
    __scatterload_copy                       0x0800c7d5   Thumb Code    14  handlers.o(i.__scatterload_copy)
    __scatterload_null                       0x0800c7e3   Thumb Code     2  handlers.o(i.__scatterload_null)
    __scatterload_zeroinit                   0x0800c7e5   Thumb Code    14  handlers.o(i.__scatterload_zeroinit)
    __set_errno                              0x0800c7f5   Thumb Code     6  errno.o(i.__set_errno)
    addByteToChecksum                        0x0800d0b3   Thumb Code    48  md_ubx.o(i.addByteToChecksum)
    atan                                     0x0800d0e3   Thumb Code    16  atan.o(i.atan)
    cal_iir_coeff                            0x0800d0f3   Thumb Code   216  filter.o(i.cal_iir_coeff)
    calcChecksum                             0x0800d1cb   Thumb Code    34  md_ubx.o(i.calcChecksum)
    configure                                0x0800d1ed   Thumb Code   652  md_ubx.o(i.configure)
    configureMessageRate                     0x0800d479   Thumb Code    28  md_ubx.o(i.configureMessageRate)
    configureMessageRateAndAck               0x0800d495   Thumb Code    40  md_ubx.o(i.configureMessageRateAndAck)
    decodeInit                               0x0800d507   Thumb Code    54  md_ubx.o(i.decodeInit)
    decode_message                           0x0800d53d   Thumb Code    44  md_twoboardcom.o(i.decode_message)
    extra_rc_input_value                     0x0800d569   Thumb Code   168  md_twoboardcom.o(i.extra_rc_input_value)
    extra_safety_switch_value                0x0800d611   Thumb Code    14  md_twoboardcom.o(i.extra_safety_switch_value)
    fabs                                     0x0800d61f   Thumb Code    24  fabs.o(i.fabs)
    fnv1_32_str                              0x0800d637   Thumb Code    44  md_ubx.o(i.fnv1_32_str)
    fputc                                    0x0800d663   Thumb Code     6  main.o(i.fputc)
    get_System_State                         0x0800d669   Thumb Code    12  scheduler.o(i.get_System_State)
    get_iir_output                           0x0800d675   Thumb Code   108  filter.o(i.get_iir_output)
    imuCalculateEstimatedAttitude            0x0800d6e1   Thumb Code   268  attitude_estimator_mahony.o(i.imuCalculateEstimatedAttitude)
    imuInit                                  0x0800d99b   Thumb Code   488  attitude_estimator_mahony.o(i.imuInit)
    inertial_filter_correct                  0x0800e1cd   Thumb Code   110  position_estimator_inav.o(i.inertial_filter_correct)
    inertial_filter_predict                  0x0800e23b   Thumb Code    96  position_estimator_inav.o(i.inertial_filter_predict)
    isCali_XYFactor_Check_Succeed            0x0800e2bf   Thumb Code   186  mag_calibration.o(i.isCali_XYFactor_Check_Succeed)
    main                                     0x0800e3b3   Thumb Code   420  main.o(i.main)
    map_projection_init                      0x0800e557   Thumb Code   136  position_estimator_inav.o(i.map_projection_init)
    map_projection_project                   0x0800e5df   Thumb Code   682  position_estimator_inav.o(i.map_projection_project)
    map_projection_reproject                 0x0800e889   Thumb Code   662  position_estimator_inav.o(i.map_projection_reproject)
    mc_att_control_init                      0x0800eb1f   Thumb Code   282  mc_att_control.o(i.mc_att_control_init)
    mc_rate_control                          0x0800ec39   Thumb Code  1420  mc_att_control.o(i.mc_rate_control)
    mc_roll_pitch_control                    0x0800f1c5   Thumb Code   290  mc_att_control.o(i.mc_roll_pitch_control)
    mc_yaw_Init                              0x0800f2e7   Thumb Code    62  mc_att_control.o(i.mc_yaw_Init)
    payloadRxAdd                             0x0800f3d5   Thumb Code    68  md_ubx.o(i.payloadRxAdd)
    payloadRxAddMonVer                       0x0800f419   Thumb Code   182  md_ubx.o(i.payloadRxAddMonVer)
    payloadRxAddNavSvinfo                    0x0800f4cf   Thumb Code   398  md_ubx.o(i.payloadRxAddNavSvinfo)
    payloadRxDone                            0x0800f65d   Thumb Code  2858  md_ubx.o(i.payloadRxDone)
    payloadRxInit                            0x08010187   Thumb Code  1120  md_ubx.o(i.payloadRxInit)
    position_estimator_inav_init             0x080105e7   Thumb Code   356  position_estimator_inav.o(i.position_estimator_inav_init)
    position_estimator_inav_update           0x0801074b   Thumb Code  3812  position_estimator_inav.o(i.position_estimator_inav_update)
    rbClear                                  0x0801162f   Thumb Code    14  md_gps.o(i.rbClear)
    rbInit                                   0x0801163d   Thumb Code    18  ringbuffer.o(i.rbInit)
    rbIsEmpty                                0x0801164f   Thumb Code    18  md_gps.o(i.rbIsEmpty)
    rbPop                                    0x08011661   Thumb Code    42  md_gps.o(i.rbPop)
    rbPush                                   0x0801168b   Thumb Code    36  md_gps.o(i.rbPush)
    reset_integrator                         0x080116af   Thumb Code    34  mc_att_control.o(i.reset_integrator)
    sendMessage                              0x080116d1   Thumb Code   110  md_ubx.o(i.sendMessage)
    set_System_State                         0x0801173f   Thumb Code    12  scheduler.o(i.set_System_State)
    set_mRed_State                           0x0801174b   Thumb Code    12  md_led_driver.o(i.set_mRed_State)
    sqrt                                     0x08011757   Thumb Code   110  sqrt.o(i.sqrt)
    sqrtf                                    0x080117c5   Thumb Code    62  sqrtf.o(i.sqrtf)
    waitForAck                               0x08011803   Thumb Code   156  md_ubx.o(i.waitForAck)
    write                                    0x0801189f   Thumb Code    40  md_ubx.o(i.write)
    AHBPrescTable                            0x080118ec   Data          16  system_stm32f4xx.o(.constdata)
    APBPrescTable                            0x080118fc   Data           8  system_stm32f4xx.o(.constdata)
    __mathlib_zero                           0x08011bb0   Data           8  qnan.o(.constdata)
    Region$$Table$$Base                      0x08011d80   Number         0  anon$$obj.o(Region$$Table)
    Region$$Table$$Limit                     0x08011da0   Number         0  anon$$obj.o(Region$$Table)
    Timer6UpdateReady                        0x20000000   Data           1  main.o(.data)
    Main_1000HZ_Timer_Counter                0x20000002   Data           2  main.o(.data)
    flag                                     0x20000004   Data           1  main.o(.data)
    testcnt                                  0x20000008   Data           4  main.o(.data)
    barolp                                   0x2000000c   Data           4  main.o(.data)
    pRC_Normalization                        0x20000010   Data           4  rc_process.o(.data)
    attitude_roll                            0x20000030   Data           4  attitude_estimator_mahony.o(.data)
    attitude_pitch                           0x20000034   Data           4  attitude_estimator_mahony.o(.data)
    attitude_yaw                             0x20000038   Data           4  attitude_estimator_mahony.o(.data)
    testyaw                                  0x2000003c   Data           4  attitude_estimator_mahony.o(.data)
    pitch_rate_filtered                      0x2000004c   Data           4  sensor.o(.data)
    roll_rate_filtered                       0x20000050   Data           4  sensor.o(.data)
    yaw_rate_filtered                        0x20000054   Data           4  sensor.o(.data)
    BARO_Alt                                 0x20000070   Data           4  sensor.o(.data)
    flag_clibration_mag                      0x20000080   Data           1  sensor.o(.data)
    dt_mag_cal                               0x20000084   Data           4  sensor.o(.data)
    pFilter_Param_Gx                         0x20000088   Data           4  sensor.o(.data)
    pFilter_Param_Gy                         0x2000008c   Data           4  sensor.o(.data)
    pFilter_Param_Gz                         0x20000090   Data           4  sensor.o(.data)
    pFilter_Param_Ax                         0x20000094   Data           4  sensor.o(.data)
    pFilter_Param_Ay                         0x20000098   Data           4  sensor.o(.data)
    pFilter_Param_Az                         0x2000009c   Data           4  sensor.o(.data)
    x_est                                    0x200000b0   Data           8  position_estimator_inav.o(.data)
    y_est                                    0x200000b8   Data           8  position_estimator_inav.o(.data)
    z_est                                    0x200000c0   Data           8  position_estimator_inav.o(.data)
    buf_ptr                                  0x200000c8   Data           4  position_estimator_inav.o(.data)
    eph                                      0x200000cc   Data           4  position_estimator_inav.o(.data)
    epv                                      0x200000d0   Data           4  position_estimator_inav.o(.data)
    x_est_prev                               0x200000d4   Data           8  position_estimator_inav.o(.data)
    y_est_prev                               0x200000dc   Data           8  position_estimator_inav.o(.data)
    z_est_prev                               0x200000e4   Data           8  position_estimator_inav.o(.data)
    est_lat                                  0x200000f0   Data           8  position_estimator_inav.o(.data)
    est_lon                                  0x200000f8   Data           8  position_estimator_inav.o(.data)
    baro_offset                              0x20000100   Data           4  position_estimator_inav.o(.data)
    baro_init_cnt                            0x20000104   Data           1  position_estimator_inav.o(.data)
    baro_init_num                            0x20000105   Data           1  position_estimator_inav.o(.data)
    gps_valid                                0x20000106   Data           1  position_estimator_inav.o(.data)
    ref_inited                               0x20000107   Data           1  position_estimator_inav.o(.data)
    gps_ref                                  0x20000108   Data           8  position_estimator_inav.o(.data)
    acczlp                                   0x20000110   Data           4  position_estimator_inav.o(.data)
    params_w_xy_gps_p                        0x20000114   Data           4  position_estimator_inav.o(.data)
    params_w_z_gps_p                         0x20000118   Data           4  position_estimator_inav.o(.data)
    params_w_xy_gps_v                        0x2000011c   Data           4  position_estimator_inav.o(.data)
    params_w_z_gps_v                         0x20000120   Data           4  position_estimator_inav.o(.data)
    params_w_z_baro                          0x20000124   Data           4  position_estimator_inav.o(.data)
    params_w_acc_bias                        0x20000128   Data           4  position_estimator_inav.o(.data)
    params_w_xy_res_v                        0x2000012c   Data           4  position_estimator_inav.o(.data)
    corr_baro                                0x20000130   Data           4  position_estimator_inav.o(.data)
    w_gps_xy                                 0x20000134   Data           4  position_estimator_inav.o(.data)
    w_gps_z                                  0x20000138   Data           4  position_estimator_inav.o(.data)
    ref_init_count                           0x2000013c   Data           1  position_estimator_inav.o(.data)
    inav_init                                0x2000013d   Data           1  position_estimator_inav.o(.data)
    Sys_State                                0x20000140   Data           1  scheduler.o(.data)
    State_Change_Prepared                    0x20000141   Data           1  scheduler.o(.data)
    SystemStateUpdata_Count                  0x20000142   Data           2  scheduler.o(.data)
    disarming_flag                           0x20000144   Data           1  scheduler.o(.data)
    armed_flag                               0x20000145   Data           1  scheduler.o(.data)
    Mag_Static_Calibration_Count             0x20000146   Data           2  scheduler.o(.data)
    SystemStateUpdata_Protection_Count       0x20000148   Data           2  scheduler.o(.data)
    Acceptable_Error                         0x2000014c   Data           4  scheduler.o(.data)
    FlightMode                               0x20000150   Data           1  scheduler.o(.data)
    pMotor                                   0x20000154   Data           4  scheduler.o(.data)
    Control_Scheduler_Counter                0x20000158   Data           2  scheduler.o(.data)
    land_Cnt                                 0x2000015a   Data           2  scheduler.o(.data)
    MagCail_Trig_Count                       0x2000015c   Data           2  scheduler.o(.data)
    dt_control                               0x20000160   Data           4  mc_att_control.o(.data)
    pitchratesp                              0x20000164   Data           4  mc_att_control.o(.data)
    rollratesp                               0x20000168   Data           4  mc_att_control.o(.data)
    yawratesp                                0x2000016c   Data           4  mc_att_control.o(.data)
    pitch_rate_iterm                         0x20000170   Data           4  mc_att_control.o(.data)
    roll_rate_iterm                          0x20000174   Data           4  mc_att_control.o(.data)
    yaw_rate_iterm                           0x20000178   Data           4  mc_att_control.o(.data)
    pitch_rate_derivative                    0x2000017c   Data           4  mc_att_control.o(.data)
    roll_rate_derivative                     0x20000180   Data           4  mc_att_control.o(.data)
    yaw_rate_derivative                      0x20000184   Data           4  mc_att_control.o(.data)
    last_pitch_rate                          0x20000188   Data           4  mc_att_control.o(.data)
    last_roll_rate                           0x2000018c   Data           4  mc_att_control.o(.data)
    last_yaw_rate                            0x20000190   Data           4  mc_att_control.o(.data)
    pitch_rate_kp                            0x20000194   Data           4  mc_att_control.o(.data)
    roll_rate_kp                             0x20000198   Data           4  mc_att_control.o(.data)
    yaw_rate_kp                              0x2000019c   Data           4  mc_att_control.o(.data)
    pitch_rate_ki                            0x200001a0   Data           4  mc_att_control.o(.data)
    roll_rate_ki                             0x200001a4   Data           4  mc_att_control.o(.data)
    yaw_rate_ki                              0x200001a8   Data           4  mc_att_control.o(.data)
    pitch_rate_kd                            0x200001ac   Data           4  mc_att_control.o(.data)
    roll_rate_kd                             0x200001b0   Data           4  mc_att_control.o(.data)
    yaw_rate_kd                              0x200001b4   Data           4  mc_att_control.o(.data)
    control_pitch                            0x200001b8   Data           4  mc_att_control.o(.data)
    control_roll                             0x200001bc   Data           4  mc_att_control.o(.data)
    control_yaw                              0x200001c0   Data           4  mc_att_control.o(.data)
    control_throttle                         0x200001c4   Data           4  mc_att_control.o(.data)
    YAWCONTROLLER_Angle_Pre                  0x200001c8   Data           4  mc_att_control.o(.data)
    YAWCONTROLLER_Compensate                 0x200001cc   Data           4  mc_att_control.o(.data)
    YAWCONTROLLER_AttitudeControl_Feedback   0x200001d0   Data           4  mc_att_control.o(.data)
    YAWCONTROLLER_Initial_Mag_Heading        0x200001d4   Data           4  mc_att_control.o(.data)
    pitch_kp                                 0x200001d8   Data           4  mc_att_control.o(.data)
    roll_kp                                  0x200001dc   Data           4  mc_att_control.o(.data)
    yaw_kp                                   0x200001e0   Data           4  mc_att_control.o(.data)
    KStickDirect_T                           0x200001e4   Data           4  mc_att_control.o(.data)
    Altitude_K1                              0x200001e8   Data           4  mc_pos_control.o(.data)
    Altitude_K2                              0x200001ec   Data           4  mc_pos_control.o(.data)
    Altitude_K3                              0x200001f0   Data           4  mc_pos_control.o(.data)
    Altitude_Ref                             0x200001f4   Data           4  mc_pos_control.o(.data)
    Altitude_VelRef                          0x200001f8   Data           4  mc_pos_control.o(.data)
    Takeoff_VelRef                           0x200001fc   Data           4  mc_pos_control.o(.data)
    ALTCONTROLLER_ControlU_Zero              0x20000200   Data           4  mc_pos_control.o(.data)
    Alt_State                                0x20000204   Data           1  mc_pos_control.o(.data)
    Takeoff_Step                             0x20000205   Data           1  mc_pos_control.o(.data)
    Pos_State                                0x20000206   Data           1  mc_pos_control.o(.data)
    Vel_Ref_Y                                0x20000208   Data           4  mc_pos_control.o(.data)
    Vel_Ref_X                                0x2000020c   Data           4  mc_pos_control.o(.data)
    Vel_Ref_Vn                               0x20000210   Data           4  mc_pos_control.o(.data)
    Vel_Ref_Ve                               0x20000214   Data           4  mc_pos_control.o(.data)
    Pos_Ref_N                                0x20000218   Data           4  mc_pos_control.o(.data)
    Pos_Ref_E                                0x2000021c   Data           4  mc_pos_control.o(.data)
    u_vn_feedback_i                          0x20000220   Data           4  mc_pos_control.o(.data)
    u_ve_feedback_i                          0x20000224   Data           4  mc_pos_control.o(.data)
    pos_kp                                   0x20000228   Data           4  mc_pos_control.o(.data)
    vel_kp                                   0x2000022c   Data           4  mc_pos_control.o(.data)
    vel_ki                                   0x20000230   Data           4  mc_pos_control.o(.data)
    vel_kd                                   0x20000234   Data           4  mc_pos_control.o(.data)
    pitchsp                                  0x20000238   Data           4  mc_pos_control.o(.data)
    rollsp                                   0x2000023c   Data           4  mc_pos_control.o(.data)
    yawsp                                    0x20000240   Data           4  mc_pos_control.o(.data)
    N_Position_Zero                          0x20000244   Data           4  mc_pos_control.o(.data)
    E_Position_Zero                          0x20000248   Data           4  mc_pos_control.o(.data)
    Pos_ErrorN                               0x2000024c   Data           4  mc_pos_control.o(.data)
    Pos_ErrorE                               0x20000250   Data           4  mc_pos_control.o(.data)
    Vel_ErrorN                               0x20000254   Data           4  mc_pos_control.o(.data)
    Vel_ErrorE                               0x20000258   Data           4  mc_pos_control.o(.data)
    Mag_Calibration_Instrction_Step          0x20000278   Data           1  mag_calibration.o(.data)
    magxoffset                               0x2000027c   Data           4  mag_calibration.o(.data)
    magyoffset                               0x20000280   Data           4  mag_calibration.o(.data)
    magzoffset                               0x20000284   Data           4  mag_calibration.o(.data)
    Mag_Calibration_State                    0x20000288   Data           1  mag_calibration.o(.data)
    HMC5983_maxx                             0x2000028c   Data           4  mag_calibration.o(.data)
    HMC5983_maxy                             0x20000290   Data           4  mag_calibration.o(.data)
    HMC5983_maxz                             0x20000294   Data           4  mag_calibration.o(.data)
    HMC5983_minx                             0x20000298   Data           4  mag_calibration.o(.data)
    HMC5983_miny                             0x2000029c   Data           4  mag_calibration.o(.data)
    HMC5983_minz                             0x200002a0   Data           4  mag_calibration.o(.data)
    count_led                                0x200002b2   Data           1  md_led_driver.o(.data)
    mRed_State                               0x200002b3   Data           1  md_led_driver.o(.data)
    Bar_Conv_Flag                            0x200002b8   Data           1  md_ms56xx.o(.data)
    Bar_RunCount                             0x200002bc   Data           4  md_ms56xx.o(.data)
    D1                                       0x200002c0   Data           4  md_ms56xx.o(.data)
    D2                                       0x200002c4   Data           4  md_ms56xx.o(.data)
    m_Ms56xx                                 0x200002c8   Data           8  md_ms56xx.o(.data)
    Mag_RunCount                             0x200002d4   Data           4  md_hmc5883.o(.data)
    _magGain                                 0x200002d8   Data           1  md_hmc5883.o(.data)
    readBuff                                 0x200002d9   Data           6  md_hmc5883.o(.data)
    braud                                    0x200002e0   Data           4  md_gps.o(.data)
    gps_rx_temp                              0x200002e4   Data           1  md_gps.o(.data)
    _rate_count_lat_lon                      0x200002e8   Data           1  md_ubx.o(.data)
    _rate_count_vel                          0x200002e9   Data           1  md_ubx.o(.data)
    _rtcm_message                            0x200002ec   Data           4  md_ubx.o(.data)
    _gps_position                            0x200002f0   Data           4  md_ubx.o(.data)
    _satellite_info                          0x200002f4   Data           4  md_ubx.o(.data)
    _last_timestamp_time                     0x200002f8   Data           8  md_ubx.o(.data)
    _decode_state                            0x20000300   Data           1  md_ubx.o(.data)
    _got_posllh                              0x20000301   Data           1  md_ubx.o(.data)
    _got_velned                              0x20000302   Data           1  md_ubx.o(.data)
    _ack_state                               0x20000303   Data           1  md_ubx.o(.data)
    _configured                              0x20000304   Data           1  md_ubx.o(.data)
    _rx_msg                                  0x20000306   Data           2  md_ubx.o(.data)
    _rx_state                                0x20000308   Data           1  md_ubx.o(.data)
    _rx_payload_length                       0x2000030a   Data           2  md_ubx.o(.data)
    _rx_payload_index                        0x2000030c   Data           2  md_ubx.o(.data)
    _rx_ck_a                                 0x2000030e   Data           1  md_ubx.o(.data)
    _rx_ck_b                                 0x2000030f   Data           1  md_ubx.o(.data)
    _disable_cmd_last                        0x20000310   Data           8  md_ubx.o(.data)
    _use_nav_pvt                             0x20000318   Data           1  md_ubx.o(.data)
    _ack_waiting_msg                         0x2000031a   Data           2  md_ubx.o(.data)
    _ubx_version                             0x2000031c   Data           4  md_ubx.o(.data)
    _output_mode                             0x20000320   Data           1  md_ubx.o(.data)
    mavlink_byte                             0x20000322   Data           1  mavlink.o(.data)
    mavlink_system                           0x20000323   Data           2  mavlink.o(.data)
    m_Com_Page_Length                        0x20000328   Data           1  md_twoboardcom.o(.data)
    m_Com_Page_Incres                        0x20000329   Data           1  md_twoboardcom.o(.data)
    e_ComStates                              0x2000032a   Data           1  md_twoboardcom.o(.data)
    f_ComUartTxReady                         0x2000032b   Data           1  md_twoboardcom.o(.data)
    f_ComUartRxReady                         0x2000032c   Data           1  md_twoboardcom.o(.data)
    twoboard_rx_data                         0x2000032d   Data           1  md_twoboardcom.o(.data)
    m_safety_switch                          0x2000032e   Data           1  md_twoboardcom.o(.data)
    f_NewRCDataReady                         0x2000032f   Data           1  md_twoboardcom.o(.data)
    uwTick                                   0x20000330   Data           4  stm32f4xx_hal.o(.data)
    uwTickPrio                               0x20000334   Data           4  stm32f4xx_hal.o(.data)
    uwTickFreq                               0x20000338   Data           1  stm32f4xx_hal.o(.data)
    SystemCoreClock                          0x2000033c   Data           4  system_stm32f4xx.o(.data)
    __stdout                                 0x20000340   Data           4  stdout.o(.data)
    Baro_Lp                                  0x20000348   Data          12  main.o(.bss)
    hspi1                                    0x20000354   Data          88  spi.o(.bss)
    htim6                                    0x200003ac   Data          64  tim.o(.bss)
    huart4                                   0x200003ec   Data          64  usart.o(.bss)
    huart7                                   0x2000042c   Data          64  usart.o(.bss)
    huart2                                   0x2000046c   Data          64  usart.o(.bss)
    huart6                                   0x200004ac   Data          64  usart.o(.bss)
    hdma_uart4_rx                            0x200004ec   Data          96  usart.o(.bss)
    hdma_uart7_rx                            0x2000054c   Data          96  usart.o(.bss)
    hdma_usart2_rx                           0x200005ac   Data          96  usart.o(.bss)
    hdma_usart2_tx                           0x2000060c   Data          96  usart.o(.bss)
    hdma_usart6_rx                           0x2000066c   Data          96  usart.o(.bss)
    hdma_usart6_tx                           0x200006cc   Data          96  usart.o(.bss)
    RC_Normalization                         0x2000072c   Data          24  rc_process.o(.bss)
    rMat                                     0x20000744   Data          36  attitude_estimator_mahony.o(.bss)
    mag_max                                  0x20000768   Data          12  sensor.o(.bss)
    mag_min                                  0x20000774   Data          12  sensor.o(.bss)
    Ctrl_state                               0x20000780   Data         128  sensor.o(.bss)
    Filter_Param_Gx                          0x20000800   Data          32  sensor.o(.bss)
    Filter_Param_Gy                          0x20000820   Data          32  sensor.o(.bss)
    Filter_Param_Gz                          0x20000840   Data          32  sensor.o(.bss)
    Filter_Param_Ax                          0x20000860   Data          32  sensor.o(.bss)
    Filter_Param_Ay                          0x20000880   Data          32  sensor.o(.bss)
    Filter_Param_Az                          0x200008a0   Data          32  sensor.o(.bss)
    est_buf                                  0x200008c0   Data         600  position_estimator_inav.o(.bss)
    R_buf                                    0x20000b18   Data         900  position_estimator_inav.o(.bss)
    R_gps                                    0x20000e9c   Data          36  position_estimator_inav.o(.bss)
    ref                                      0x20000ec0   Data          32  position_estimator_inav.o(.bss)
    accel_ned                                0x20000ee0   Data          12  position_estimator_inav.o(.bss)
    acc_bias                                 0x20000eec   Data          12  position_estimator_inav.o(.bss)
    corr_gps                                 0x20000ef8   Data          24  position_estimator_inav.o(.bss)
    imu_acc                                  0x20000f10   Data          12  position_estimator_inav.o(.bss)
    Motor                                    0x20000f1c   Data          32  scheduler.o(.bss)
    data_to_send                             0x20000f8c   Data         255  ano.o(.bss)
    m_Mpu6000                                0x2000108c   Data          40  md_mpu6000.o(.bss)
    C                                        0x200010b4   Data          16  md_ms56xx.o(.bss)
    m_Hmc5883                                0x200010c4   Data          16  md_hmc5883.o(.bss)
    m_GPS_RX_RingBuffMgr                     0x200010d4   Data          20  md_gps.o(.bss)
    m_GPS_RX_Buff                            0x200010e8   Data        1280  md_gps.o(.bss)
    m_gps_position                           0x200015e8   Data          96  md_ubx.o(.bss)
    _buf                                     0x20001648   Data          92  md_ubx.o(.bss)
    RTCM_BUFFER                              0x200016a4   Data         300  md_ubx.o(.bss)
    m_Mavlink_RX_RingBuffMgr                 0x200017d0   Data          20  mavlink.o(.bss)
    m_Mavlink_RX_Buff                        0x200017e4   Data        1280  mavlink.o(.bss)
    msg                                      0x20001ce4   Data         291  mavlink.o(.bss)
    status                                   0x20001e08   Data          24  mavlink.o(.bss)
    m_Com_Page_Transmit                      0x2000230c   Data         100  md_twoboardcom.o(.bss)
    m_Com_RX_RingBuffMgr                     0x20002370   Data          20  md_twoboardcom.o(.bss)
    m_Com_RX_SaveBuff                        0x20002384   Data         100  md_twoboardcom.o(.bss)
    m_Com_Page_Data                          0x200023e8   Data         100  md_twoboardcom.o(.bss)
    m_RC_input_from_F1                       0x2000244c   Data          16  md_twoboardcom.o(.bss)
    pFlash                                   0x20002470   Data          32  stm32f4xx_hal_flash.o(.bss)
    __initial_sp                             0x20002890   Data           0  startup_stm32f427xx.o(STACK)



==============================================================================

Memory Map of the image

  Image Entry point : 0x080001ad

  Load Region LR_IROM1 (Base: 0x08000000, Size: 0x00012104, Max: 0x00200000, ABSOLUTE, COMPRESSED[0x00011e2c])

    Execution Region ER_IROM1 (Exec base: 0x08000000, Load base: 0x08000000, Size: 0x00011dbc, Max: 0x00200000, ABSOLUTE)

    Exec Addr    Load Addr    Size         Type   Attr      Idx    E Section Name        Object

    0x08000000   0x08000000   0x000001ac   Data   RO            3    RESET               startup_stm32f427xx.o
    0x080001ac   0x080001ac   0x00000000   Code   RO         6100  * .ARM.Collect$$$$00000000  mc_w.l(entry.o)
    0x080001ac   0x080001ac   0x00000004   Code   RO         6458    .ARM.Collect$$$$00000001  mc_w.l(entry2.o)
    0x080001b0   0x080001b0   0x00000004   Code   RO         6461    .ARM.Collect$$$$00000004  mc_w.l(entry5.o)
    0x080001b4   0x080001b4   0x00000000   Code   RO         6463    .ARM.Collect$$$$00000008  mc_w.l(entry7b.o)
    0x080001b4   0x080001b4   0x00000000   Code   RO         6465    .ARM.Collect$$$$0000000A  mc_w.l(entry8b.o)
    0x080001b4   0x080001b4   0x00000008   Code   RO         6466    .ARM.Collect$$$$0000000B  mc_w.l(entry9a.o)
    0x080001bc   0x080001bc   0x00000000   Code   RO         6468    .ARM.Collect$$$$0000000D  mc_w.l(entry10a.o)
    0x080001bc   0x080001bc   0x00000000   Code   RO         6470    .ARM.Collect$$$$0000000F  mc_w.l(entry11a.o)
    0x080001bc   0x080001bc   0x00000004   Code   RO         6459    .ARM.Collect$$$$00002712  mc_w.l(entry2.o)
    0x080001c0   0x080001c0   0x00000024   Code   RO            4    .text               startup_stm32f427xx.o
    0x080001e4   0x080001e4   0x00000062   Code   RO         6103    .text               mc_w.l(uldiv.o)
    0x08000246   0x08000246   0x00000062   Code   RO         6105    .text               mc_w.l(ldiv.o)
    0x080002a8   0x080002a8   0x00000024   Code   RO         6107    .text               mc_w.l(memcpya.o)
    0x080002cc   0x080002cc   0x00000024   Code   RO         6109    .text               mc_w.l(memseta.o)
    0x080002f0   0x080002f0   0x0000014e   Code   RO         6376    .text               mf_w.l(dadd.o)
    0x0800043e   0x0800043e   0x000000e4   Code   RO         6378    .text               mf_w.l(dmul.o)
    0x08000522   0x08000522   0x000000de   Code   RO         6380    .text               mf_w.l(ddiv.o)
    0x08000600   0x08000600   0x00000022   Code   RO         6382    .text               mf_w.l(dflti.o)
    0x08000622   0x08000622   0x00000026   Code   RO         6384    .text               mf_w.l(f2d.o)
    0x08000648   0x08000648   0x00000030   Code   RO         6386    .text               mf_w.l(cdcmple.o)
    0x08000678   0x08000678   0x00000030   Code   RO         6388    .text               mf_w.l(cdrcmple.o)
    0x080006a8   0x080006a8   0x00000038   Code   RO         6390    .text               mf_w.l(d2f.o)
    0x080006e0   0x080006e0   0x0000002c   Code   RO         6473    .text               mc_w.l(uidiv.o)
    0x0800070c   0x0800070c   0x0000001e   Code   RO         6475    .text               mc_w.l(llshl.o)
    0x0800072a   0x0800072a   0x00000020   Code   RO         6477    .text               mc_w.l(llushr.o)
    0x0800074a   0x0800074a   0x00000024   Code   RO         6479    .text               mc_w.l(llsshr.o)
    0x0800076e   0x0800076e   0x00000000   Code   RO         6488    .text               mc_w.l(iusefp.o)
    0x0800076e   0x0800076e   0x0000006e   Code   RO         6489    .text               mf_w.l(fepilogue.o)
    0x080007dc   0x080007dc   0x000000ba   Code   RO         6491    .text               mf_w.l(depilogue.o)
    0x08000896   0x08000896   0x000000a2   Code   RO         6495    .text               mf_w.l(dsqrt.o)
    0x08000938   0x08000938   0x00000030   Code   RO         6497    .text               mf_w.l(dfixul.o)
    0x08000968   0x08000968   0x00000036   Code   RO         6499    .text               mf_w.l(fcmp4.o)
    0x0800099e   0x0800099e   0x00000004   Code   RO         6501    .text               mf_w.l(fpstat.o)
    0x080009a2   0x080009a2   0x00000002   PAD
    0x080009a4   0x080009a4   0x00000024   Code   RO         6503    .text               mc_w.l(init.o)
    0x080009c8   0x080009c8   0x0000001a   Code   RO         6505    .text               mf_w.l(dfltui.o)
    0x080009e2   0x080009e2   0x0000003e   Code   RO         6507    .text               mf_w.l(dfixi.o)
    0x08000a20   0x08000a20   0x00000056   Code   RO         6517    .text               mc_w.l(__dczerorl2.o)
    0x08000a76   0x08000a76   0x00000294   Code   RO         1646    i.Alt_Control_Takeoff  mc_pos_control.o
    0x08000d0a   0x08000d0a   0x0000002a   Code   RO         1647    i.Alt_Control_Takeoff_Init  mc_pos_control.o
    0x08000d34   0x08000d34   0x00000266   Code   RO         1648    i.Altitude_Reference  mc_pos_control.o
    0x08000f9a   0x08000f9a   0x00000080   Code   RO         1649    i.Altitude_control_Init  mc_pos_control.o
    0x0800101a   0x0800101a   0x00000120   Code   RO         1650    i.Altitude_control_update  mc_pos_control.o
    0x0800113a   0x0800113a   0x00000056   Code   RO         1567    i.Attitude_Reference_caculation  mc_att_control.o
    0x08001190   0x08001190   0x000001b6   Code   RO         2017    i.Baro_Cal_Alt      md_ms56xx.o
    0x08001346   0x08001346   0x00000062   Code   RO         2018    i.Baro_Cmd_Prom     md_ms56xx.o
    0x080013a8   0x080013a8   0x00000040   Code   RO         2020    i.Baro_En_Conv      md_ms56xx.o
    0x080013e8   0x080013e8   0x0000000a   Code   RO         2021    i.Baro_Enable_Press_Conv  md_ms56xx.o
    0x080013f2   0x080013f2   0x0000000a   Code   RO         2022    i.Baro_Enable_Temp_Conv  md_ms56xx.o
    0x080013fc   0x080013fc   0x00000010   Code   RO         2023    i.Baro_Init         md_ms56xx.o
    0x0800140c   0x0800140c   0x00000022   Code   RO         2024    i.Baro_Read_Coe     md_ms56xx.o
    0x0800142e   0x0800142e   0x0000005c   Code   RO         2025    i.Baro_Read_Data    md_ms56xx.o
    0x0800148a   0x0800148a   0x00000040   Code   RO         2027    i.Baro_Reset        md_ms56xx.o
    0x080014ca   0x080014ca   0x00000004   Code   RO         1044    i.BusFault_Handler  stm32f4xx_it.o
    0x080014ce   0x080014ce   0x00000062   Code   RO         1730    i.Cali_parameter_caculation_XY  mag_calibration.o
    0x08001530   0x08001530   0x00000032   Code   RO         1731    i.Cali_parameter_caculation_Z  mag_calibration.o
    0x08001562   0x08001562   0x00000028   Code   RO         2823    i.Clear_Page_DatasArea  md_twoboardcom.o
    0x0800158a   0x0800158a   0x00000038   Code   RO         2824    i.Com_TwoBoard_Finalize_Message_Send  md_twoboardcom.o
    0x080015c2   0x080015c2   0x0000000c   Code   RO         2825    i.Com_TwoBoard_Init  md_twoboardcom.o
    0x080015ce   0x080015ce   0x00000056   Code   RO         2827    i.Com_TwoBoard_Msg_MotorValue_Send  md_twoboardcom.o
    0x08001624   0x08001624   0x00000010   Code   RO         2828    i.Com_TwoBoard_RB_Clear  md_twoboardcom.o
    0x08001634   0x08001634   0x000001ac   Code   RO         2829    i.Com_TwoBoard_RB_Decode  md_twoboardcom.o
    0x080017e0   0x080017e0   0x00000018   Code   RO         2830    i.Com_TwoBoard_RB_HasNew  md_twoboardcom.o
    0x080017f8   0x080017f8   0x0000001a   Code   RO         2831    i.Com_TwoBoard_RB_Init  md_twoboardcom.o
    0x08001812   0x08001812   0x0000000c   Code   RO         2832    i.Com_TwoBoard_RB_IsOverFlow  md_twoboardcom.o
    0x0800181e   0x0800181e   0x00000018   Code   RO         2833    i.Com_TwoBoard_RB_IsReadyToRead  md_twoboardcom.o
    0x08001836   0x08001836   0x00000010   Code   RO         2834    i.Com_TwoBoard_RB_Pop  md_twoboardcom.o
    0x08001846   0x08001846   0x00000014   Code   RO         2835    i.Com_TwoBoard_RB_Push  md_twoboardcom.o
    0x0800185a   0x0800185a   0x0000000e   Code   RO         2836    i.Com_TwoBoard_RB_Update  md_twoboardcom.o
    0x08001868   0x08001868   0x0000001a   Code   RO         2837    i.Com_TwoBoard_RX_Enable  md_twoboardcom.o
    0x08001882   0x08001882   0x0000001e   Code   RO         2838    i.Com_TwoBoard_RX_InterruptHandler  md_twoboardcom.o
    0x080018a0   0x080018a0   0x0000000e   Code   RO         2839    i.Com_TwoBoard_TX_InterruptHandler  md_twoboardcom.o
    0x080018ae   0x080018ae   0x0000019c   Code   RO         1493    i.Control_Scheduler  scheduler.o
    0x08001a4a   0x08001a4a   0x000002e2   Code   RO         1568    i.Ctr2Motor         mc_att_control.o
    0x08001d2c   0x08001d2c   0x00000010   Code   RO         1045    i.DMA1_Stream2_IRQHandler  stm32f4xx_it.o
    0x08001d3c   0x08001d3c   0x00000010   Code   RO         1046    i.DMA1_Stream3_IRQHandler  stm32f4xx_it.o
    0x08001d4c   0x08001d4c   0x00000010   Code   RO         1047    i.DMA1_Stream5_IRQHandler  stm32f4xx_it.o
    0x08001d5c   0x08001d5c   0x00000010   Code   RO         1048    i.DMA1_Stream6_IRQHandler  stm32f4xx_it.o
    0x08001d6c   0x08001d6c   0x00000010   Code   RO         1049    i.DMA2_Stream1_IRQHandler  stm32f4xx_it.o
    0x08001d7c   0x08001d7c   0x00000010   Code   RO         1050    i.DMA2_Stream6_IRQHandler  stm32f4xx_it.o
    0x08001d8c   0x08001d8c   0x00000034   Code   RO         3909    i.DMA_CalcBaseAndBitshift  stm32f4xx_hal_dma.o
    0x08001dc0   0x08001dc0   0x000000aa   Code   RO         3910    i.DMA_CheckFifoParam  stm32f4xx_hal_dma.o
    0x08001e6a   0x08001e6a   0x0000002c   Code   RO         3911    i.DMA_SetConfig     stm32f4xx_hal_dma.o
    0x08001e96   0x08001e96   0x00000002   Code   RO         1051    i.DebugMon_Handler  stm32f4xx_it.o
    0x08001e98   0x08001e98   0x00000002   Code   RO          183    i.Error_Handler     main.o
    0x08001e9a   0x08001e9a   0x00000028   Code   RO         1855    i.FCS2Ground_Transmit  ano.o
    0x08001ec2   0x08001ec2   0x0000006e   Code   RO         3634    i.FLASH_Erase_Sector  stm32f4xx_hal_flash_ex.o
    0x08001f30   0x08001f30   0x00000096   Code   RO         3635    i.FLASH_FlushCaches  stm32f4xx_hal_flash_ex.o
    0x08001fc6   0x08001fc6   0x00000086   Code   RO         3636    i.FLASH_MassErase   stm32f4xx_hal_flash_ex.o
    0x0800204c   0x0800204c   0x0000002c   Code   RO         3516    i.FLASH_Program_Byte  stm32f4xx_hal_flash.o
    0x08002078   0x08002078   0x00000044   Code   RO         3517    i.FLASH_Program_DoubleWord  stm32f4xx_hal_flash.o
    0x080020bc   0x080020bc   0x00000030   Code   RO         3518    i.FLASH_Program_HalfWord  stm32f4xx_hal_flash.o
    0x080020ec   0x080020ec   0x00000030   Code   RO         3519    i.FLASH_Program_Word  stm32f4xx_hal_flash.o
    0x0800211c   0x0800211c   0x0000013c   Code   RO         3520    i.FLASH_SetErrorCode  stm32f4xx_hal_flash.o
    0x08002258   0x08002258   0x00000078   Code   RO         3521    i.FLASH_WaitForLastOperation  stm32f4xx_hal_flash.o
    0x080022d0   0x080022d0   0x000000ac   Code   RO         1345    i.Filter_init       sensor.o
    0x0800237c   0x0800237c   0x00000022   Code   RO         2256    i.GPS_Baud_Reset    md_gps.o
    0x0800239e   0x0800239e   0x0000001c   Code   RO         2257    i.GPS_Init          md_gps.o
    0x080023ba   0x080023ba   0x00000010   Code   RO         2258    i.GPS_RB_Clear      md_gps.o
    0x080023ca   0x080023ca   0x00000018   Code   RO         2260    i.GPS_RB_HasNew     md_gps.o
    0x080023e2   0x080023e2   0x0000001c   Code   RO         2261    i.GPS_RB_Init       md_gps.o
    0x080023fe   0x080023fe   0x0000000c   Code   RO         2262    i.GPS_RB_IsOverFlow  md_gps.o
    0x0800240a   0x0800240a   0x00000010   Code   RO         2263    i.GPS_RB_Pop        md_gps.o
    0x0800241a   0x0800241a   0x0000001a   Code   RO         2265    i.GPS_RX_InterruptHandler  md_gps.o
    0x08002434   0x08002434   0x0000009c   Code   RO         1651    i.Get_Altitude_Ground  mc_pos_control.o
    0x080024d0   0x080024d0   0x00000058   Code   RO         1346    i.Get_Baro_Alt      sensor.o
    0x08002528   0x08002528   0x000002e2   Code   RO         1347    i.Get_Gyro_Offset   sensor.o
    0x0800280a   0x0800280a   0x00000078   Code   RO         1732    i.Get_calibration_offset  mag_calibration.o
    0x08002882   0x08002882   0x00000028   Code   RO         3913    i.HAL_DMA_Abort_IT  stm32f4xx_hal_dma.o
    0x080028aa   0x080028aa   0x00000070   Code   RO         3914    i.HAL_DMA_DeInit    stm32f4xx_hal_dma.o
    0x0800291a   0x0800291a   0x00000240   Code   RO         3917    i.HAL_DMA_IRQHandler  stm32f4xx_hal_dma.o
    0x08002b5a   0x08002b5a   0x000000ee   Code   RO         3918    i.HAL_DMA_Init      stm32f4xx_hal_dma.o
    0x08002c48   0x08002c48   0x00000092   Code   RO         3922    i.HAL_DMA_Start_IT  stm32f4xx_hal_dma.o
    0x08002cda   0x08002cda   0x0000002a   Code   RO         4356    i.HAL_Delay         stm32f4xx_hal.o
    0x08002d04   0x08002d04   0x000000d2   Code   RO         3651    i.HAL_FLASHEx_Erase  stm32f4xx_hal_flash_ex.o
    0x08002dd6   0x08002dd6   0x0000001c   Code   RO         3525    i.HAL_FLASH_Lock    stm32f4xx_hal_flash.o
    0x08002df2   0x08002df2   0x000000ac   Code   RO         3530    i.HAL_FLASH_Program  stm32f4xx_hal_flash.o
    0x08002e9e   0x08002e9e   0x00000042   Code   RO         3532    i.HAL_FLASH_Unlock  stm32f4xx_hal_flash.o
    0x08002ee0   0x08002ee0   0x000001a8   Code   RO         3802    i.HAL_GPIO_DeInit   stm32f4xx_hal_gpio.o
    0x08003088   0x08003088   0x00000252   Code   RO         3805    i.HAL_GPIO_Init     stm32f4xx_hal_gpio.o
    0x080032da   0x080032da   0x0000000c   Code   RO         3809    i.HAL_GPIO_WritePin  stm32f4xx_hal_gpio.o
    0x080032e6   0x080032e6   0x0000000c   Code   RO         4364    i.HAL_GetTick       stm32f4xx_hal.o
    0x080032f2   0x080032f2   0x00000022   Code   RO         4370    i.HAL_IncTick       stm32f4xx_hal.o
    0x08003314   0x08003314   0x00000042   Code   RO         4371    i.HAL_Init          stm32f4xx_hal.o
    0x08003356   0x08003356   0x00000052   Code   RO         4372    i.HAL_InitTick      stm32f4xx_hal.o
    0x080033a8   0x080033a8   0x00000056   Code   RO         1186    i.HAL_MspInit       stm32f4xx_hal_msp.o
    0x080033fe   0x080033fe   0x00000044   Code   RO         4213    i.HAL_NVIC_DisableIRQ  stm32f4xx_hal_cortex.o
    0x08003442   0x08003442   0x00000020   Code   RO         4214    i.HAL_NVIC_EnableIRQ  stm32f4xx_hal_cortex.o
    0x08003462   0x08003462   0x0000007c   Code   RO         4220    i.HAL_NVIC_SetPriority  stm32f4xx_hal_cortex.o
    0x080034de   0x080034de   0x00000030   Code   RO         4221    i.HAL_NVIC_SetPriorityGrouping  stm32f4xx_hal_cortex.o
    0x0800350e   0x0800350e   0x000001fa   Code   RO         3349    i.HAL_RCC_ClockConfig  stm32f4xx_hal_rcc.o
    0x08003708   0x08003708   0x0000000c   Code   RO         3354    i.HAL_RCC_GetHCLKFreq  stm32f4xx_hal_rcc.o
    0x08003714   0x08003714   0x00000022   Code   RO         3356    i.HAL_RCC_GetPCLK1Freq  stm32f4xx_hal_rcc.o
    0x08003736   0x08003736   0x00000022   Code   RO         3357    i.HAL_RCC_GetPCLK2Freq  stm32f4xx_hal_rcc.o
    0x08003758   0x08003758   0x000000d4   Code   RO         3358    i.HAL_RCC_GetSysClockFreq  stm32f4xx_hal_rcc.o
    0x0800382c   0x0800382c   0x00000564   Code   RO         3361    i.HAL_RCC_OscConfig  stm32f4xx_hal_rcc.o
    0x08003d90   0x08003d90   0x0000008c   Code   RO         3037    i.HAL_SPI_Init      stm32f4xx_hal_spi.o
    0x08003e1c   0x08003e1c   0x00000098   Code   RO          878    i.HAL_SPI_MspInit   spi.o
    0x08003eb4   0x08003eb4   0x000001a2   Code   RO         3045    i.HAL_SPI_Transmit  stm32f4xx_hal_spi.o
    0x08004056   0x08004056   0x0000022a   Code   RO         3046    i.HAL_SPI_TransmitReceive  stm32f4xx_hal_spi.o
    0x08004280   0x08004280   0x00000034   Code   RO         4225    i.HAL_SYSTICK_Config  stm32f4xx_hal_cortex.o
    0x080042b4   0x080042b4   0x00000002   Code   RO         5308    i.HAL_TIMEx_BreakCallback  stm32f4xx_hal_tim_ex.o
    0x080042b6   0x080042b6   0x00000002   Code   RO         5309    i.HAL_TIMEx_CommutCallback  stm32f4xx_hal_tim_ex.o
    0x080042b8   0x080042b8   0x000000be   Code   RO         5326    i.HAL_TIMEx_MasterConfigSynchronization  stm32f4xx_hal_tim_ex.o
    0x08004376   0x08004376   0x00000034   Code   RO         4621    i.HAL_TIM_Base_Init  stm32f4xx_hal_tim.o
    0x080043aa   0x080043aa   0x00000050   Code   RO          920    i.HAL_TIM_Base_MspInit  tim.o
    0x080043fa   0x080043fa   0x0000002a   Code   RO         4626    i.HAL_TIM_Base_Start_IT  stm32f4xx_hal_tim.o
    0x08004424   0x08004424   0x00000002   Code   RO         4650    i.HAL_TIM_IC_CaptureCallback  stm32f4xx_hal_tim.o
    0x08004426   0x08004426   0x00000196   Code   RO         4664    i.HAL_TIM_IRQHandler  stm32f4xx_hal_tim.o
    0x080045bc   0x080045bc   0x00000002   Code   RO         4667    i.HAL_TIM_OC_DelayElapsedCallback  stm32f4xx_hal_tim.o
    0x080045be   0x080045be   0x00000002   Code   RO         4694    i.HAL_TIM_PWM_PulseFinishedCallback  stm32f4xx_hal_tim.o
    0x080045c0   0x080045c0   0x0000000e   Code   RO          184    i.HAL_TIM_PeriodElapsedCallback  main.o
    0x080045ce   0x080045ce   0x00000002   Code   RO         4707    i.HAL_TIM_TriggerCallback  stm32f4xx_hal_tim.o
    0x080045d0   0x080045d0   0x0000003a   Code   RO         5579    i.HAL_UART_DeInit   stm32f4xx_hal_uart.o
    0x0800460a   0x0800460a   0x00000002   Code   RO         5580    i.HAL_UART_ErrorCallback  stm32f4xx_hal_uart.o
    0x0800460c   0x0800460c   0x00000156   Code   RO         5583    i.HAL_UART_IRQHandler  stm32f4xx_hal_uart.o
    0x08004762   0x08004762   0x00000072   Code   RO         5584    i.HAL_UART_Init     stm32f4xx_hal_uart.o
    0x080047d4   0x080047d4   0x00000118   Code   RO          961    i.HAL_UART_MspDeInit  usart.o
    0x080048ec   0x080048ec   0x00000498   Code   RO          962    i.HAL_UART_MspInit  usart.o
    0x08004d84   0x08004d84   0x000000c8   Code   RO         5588    i.HAL_UART_Receive_DMA  stm32f4xx_hal_uart.o
    0x08004e4c   0x08004e4c   0x0000002a   Code   RO          185    i.HAL_UART_RxCpltCallback  main.o
    0x08004e76   0x08004e76   0x00000002   Code   RO         5591    i.HAL_UART_RxHalfCpltCallback  stm32f4xx_hal_uart.o
    0x08004e78   0x08004e78   0x000000d8   Code   RO         5592    i.HAL_UART_Transmit  stm32f4xx_hal_uart.o
    0x08004f50   0x08004f50   0x000000a0   Code   RO         5593    i.HAL_UART_Transmit_DMA  stm32f4xx_hal_uart.o
    0x08004ff0   0x08004ff0   0x00000018   Code   RO          186    i.HAL_UART_TxCpltCallback  main.o
    0x08005008   0x08005008   0x00000002   Code   RO         5596    i.HAL_UART_TxHalfCpltCallback  stm32f4xx_hal_uart.o
    0x0800500a   0x0800500a   0x00000036   Code   RO         2121    i.HMC5883_Init      md_hmc5883.o
    0x08005040   0x08005040   0x000000a4   Code   RO         2122    i.HMC5883_Read_Data  md_hmc5883.o
    0x080050e4   0x080050e4   0x000000c6   Code   RO         2124    i.HMC5883_Set_MagGain  md_hmc5883.o
    0x080051aa   0x080051aa   0x00000014   Code   RO         2125    i.HMC5883_Start_Convst  md_hmc5883.o
    0x080051be   0x080051be   0x00000004   Code   RO         1052    i.HardFault_Handler  stm32f4xx_it.o
    0x080051c2   0x080051c2   0x000000a4   Code   RO         1494    i.HighFlightmode_control_select  scheduler.o
    0x08005266   0x08005266   0x00000452   Code   RO         1348    i.IMU_Data_Combine  sensor.o
    0x080056b8   0x080056b8   0x0000003e   Code   RO         1892    i.LED_Display       md_led_driver.o
    0x080056f6   0x080056f6   0x00000048   Code   RO         1893    i.LED_Handler       md_led_driver.o
    0x0800573e   0x0800573e   0x0000022e   Code   RO         1495    i.LandDetector      scheduler.o
    0x0800596c   0x0800596c   0x00000008   Code   RO         2266    i.Loop_GPS_Parse    md_gps.o
    0x08005974   0x08005974   0x00000096   Code   RO         2028    i.Loop_Read_Bar     md_ms56xx.o
    0x08005a0a   0x08005a0a   0x00000010   Code   RO         1951    i.Loop_Read_MPU6000  md_mpu6000.o
    0x08005a1a   0x08005a1a   0x00000034   Code   RO         2127    i.Loop_Read_Mag     md_hmc5883.o
    0x08005a4e   0x08005a4e   0x00000060   Code   RO         1210    i.LowPassFilter1p   filter.o
    0x08005aae   0x08005aae   0x0000002c   Code   RO         1894    i.MD_LED_AMBER_Control  md_led_driver.o
    0x08005ada   0x08005ada   0x000000c0   Code   RO         1952    i.MPU6000_Get_Data  md_mpu6000.o
    0x08005b9a   0x08005b9a   0x00000088   Code   RO         1953    i.MPU6000_Init      md_mpu6000.o
    0x08005c22   0x08005c22   0x00000052   Code   RO         1954    i.MPU6000_Spi_Com   md_mpu6000.o
    0x08005c74   0x08005c74   0x000000ae   Code   RO          853    i.MX_DMA_Init       dma.o
    0x08005d22   0x08005d22   0x000001b0   Code   RO          829    i.MX_GPIO_Init      gpio.o
    0x08005ed2   0x08005ed2   0x00000050   Code   RO          879    i.MX_SPI1_Init      spi.o
    0x08005f22   0x08005f22   0x0000005a   Code   RO          921    i.MX_TIM6_Init      tim.o
    0x08005f7c   0x08005f7c   0x00000040   Code   RO          963    i.MX_UART4_Init     usart.o
    0x08005fbc   0x08005fbc   0x00000040   Code   RO          964    i.MX_UART7_Init     usart.o
    0x08005ffc   0x08005ffc   0x00000040   Code   RO          965    i.MX_USART2_UART_Init  usart.o
    0x0800603c   0x0800603c   0x00000040   Code   RO          966    i.MX_USART6_UART_Init  usart.o
    0x0800607c   0x0800607c   0x00000128   Code   RO         1496    i.MagCail_Trig      scheduler.o
    0x080061a4   0x080061a4   0x00000342   Code   RO         1733    i.Mag_Calibration_Instrction  mag_calibration.o
    0x080064e6   0x080064e6   0x00000068   Code   RO         1734    i.Mag_Calibration_Operation  mag_calibration.o
    0x0800654e   0x0800654e   0x0000000c   Code   RO         1735    i.Mag_Calibration_update  mag_calibration.o
    0x0800655a   0x0800655a   0x0000000c   Code   RO         1736    i.Mag_calibration_init  mag_calibration.o
    0x08006566   0x08006566   0x0000003a   Code   RO         1737    i.Mag_calibration_init_XY  mag_calibration.o
    0x080065a0   0x080065a0   0x00000026   Code   RO         1738    i.Mag_calibration_init_Z  mag_calibration.o
    0x080065c6   0x080065c6   0x0000000c   Code   RO         2563    i.Mavlink_Init      mavlink.o
    0x080065d2   0x080065d2   0x0000001c   Code   RO         2568    i.Mavlink_RB_Init   mavlink.o
    0x080065ee   0x080065ee   0x0000001a   Code   RO         2572    i.Mavlink_Rece_Enable  mavlink.o
    0x08006608   0x08006608   0x00000004   Code   RO         1053    i.MemManage_Handler  stm32f4xx_it.o
    0x0800660c   0x0800660c   0x00000002   Code   RO         1054    i.NMI_Handler       stm32f4xx_it.o
    0x0800660e   0x0800660e   0x0000047a   Code   RO         1856    i.Package_Data      ano.o
    0x08006a88   0x08006a88   0x000001f0   Code   RO         2393    i.ParseChar         md_ubx.o
    0x08006c78   0x08006c78   0x00000002   Code   RO         1055    i.PendSV_Handler    stm32f4xx_it.o
    0x08006c7a   0x08006c7a   0x00000928   Code   RO         1652    i.Pos_Control       mc_pos_control.o
    0x080075a2   0x080075a2   0x000000c2   Code   RO         1653    i.Pos_Control_Init  mc_pos_control.o
    0x08007664   0x08007664   0x000005cc   Code   RO         1246    i.RCDataProcess     rc_process.o
    0x08007c30   0x08007c30   0x00000052   Code   RO         1497    i.RCMODE_Update     scheduler.o
    0x08007c82   0x08007c82   0x0000004c   Code   RO         1895    i.Red_Fast_Flashing_Control  md_led_driver.o
    0x08007cce   0x08007cce   0x0000004c   Code   RO         1896    i.Red_Slow_Flashing_control  md_led_driver.o
    0x08007d1a   0x08007d1a   0x00000002   Code   RO         1739    i.Reset_Mag_calibration  mag_calibration.o
    0x08007d1c   0x08007d1c   0x00000070   Code   RO         3075    i.SPI_EndRxTxTransaction  stm32f4xx_hal_spi.o
    0x08007d8c   0x08007d8c   0x000000a8   Code   RO         3080    i.SPI_WaitFlagStateUntilTimeout  stm32f4xx_hal_spi.o
    0x08007e34   0x08007e34   0x00000150   Code   RO         2984    i.STMFLASH_GetFlashSector  drv_flash.o
    0x08007f84   0x08007f84   0x00000020   Code   RO         2985    i.STMFLASH_Read     drv_flash.o
    0x08007fa4   0x08007fa4   0x00000006   Code   RO         2986    i.STMFLASH_ReadWord  drv_flash.o
    0x08007faa   0x08007faa   0x000000b2   Code   RO         2987    i.STMFLASH_Write    drv_flash.o
    0x0800805c   0x0800805c   0x00000002   Code   RO         1056    i.SVC_Handler       stm32f4xx_it.o
    0x0800805e   0x0800805e   0x00000078   Code   RO         1740    i.Save_Cali_parameter  mag_calibration.o
    0x080080d6   0x080080d6   0x0000003e   Code   RO          967    i.Set_UART4_Baud    usart.o
    0x08008114   0x08008114   0x00000062   Code   RO         2128    i.Sim_DMP_I2C_Read8  md_hmc5883.o
    0x08008176   0x08008176   0x0000000a   Code   RO         2129    i.Sim_I2C1_Delay    md_hmc5883.o
    0x08008180   0x08008180   0x00000082   Code   RO         2130    i.Sim_I2C1_ReceiveByte  md_hmc5883.o
    0x08008202   0x08008202   0x00000082   Code   RO         2131    i.Sim_I2C1_ReceiveByte_WithACK  md_hmc5883.o
    0x08008284   0x08008284   0x0000008c   Code   RO         2132    i.Sim_I2C1_START    md_hmc5883.o
    0x08008310   0x08008310   0x00000076   Code   RO         2133    i.Sim_I2C1_STOP     md_hmc5883.o
    0x08008386   0x08008386   0x00000098   Code   RO         2134    i.Sim_I2C1_SendACK  md_hmc5883.o
    0x0800841e   0x0800841e   0x000000cc   Code   RO         2135    i.Sim_I2C1_SendByte  md_hmc5883.o
    0x080084ea   0x080084ea   0x00000098   Code   RO         2136    i.Sim_I2C1_SendNACK  md_hmc5883.o
    0x08008582   0x08008582   0x000000a2   Code   RO         2137    i.Sim_I2C1_Wait_Ack  md_hmc5883.o
    0x08008624   0x08008624   0x0000004c   Code   RO         2138    i.Sim_I2C1_Write8   md_hmc5883.o
    0x08008670   0x08008670   0x00000008   Code   RO         1057    i.SysTick_Handler   stm32f4xx_it.o
    0x08008678   0x08008678   0x000000c2   Code   RO          187    i.SystemClock_Config  main.o
    0x0800873a   0x0800873a   0x00000028   Code   RO         5891    i.SystemInit        system_stm32f4xx.o
    0x08008762   0x08008762   0x00000c62   Code   RO         1498    i.SystemStateUpdate  scheduler.o
    0x080093c4   0x080093c4   0x00000010   Code   RO         1058    i.TIM6_DAC_IRQHandler  stm32f4xx_it.o
    0x080093d4   0x080093d4   0x00000110   Code   RO         4709    i.TIM_Base_SetConfig  stm32f4xx_hal_tim.o
    0x080094e4   0x080094e4   0x0000000e   Code   RO         1349    i.Transform         sensor.o
    0x080094f2   0x080094f2   0x000000ea   Code   RO         1741    i.Traverse_magvalue_XY  mag_calibration.o
    0x080095dc   0x080095dc   0x00000076   Code   RO         1742    i.Traverse_magvalue_Z  mag_calibration.o
    0x08009652   0x08009652   0x00000010   Code   RO         1059    i.UART4_IRQHandler  stm32f4xx_it.o
    0x08009662   0x08009662   0x00000010   Code   RO         1060    i.UART7_IRQHandler  stm32f4xx_it.o
    0x08009672   0x08009672   0x00000014   Code   RO         5597    i.UART_DMAAbortOnError  stm32f4xx_hal_uart.o
    0x08009686   0x08009686   0x00000050   Code   RO         5598    i.UART_DMAError     stm32f4xx_hal_uart.o
    0x080096d6   0x080096d6   0x00000046   Code   RO         5599    i.UART_DMAReceiveCplt  stm32f4xx_hal_uart.o
    0x0800971c   0x0800971c   0x0000000e   Code   RO         5601    i.UART_DMARxHalfCplt  stm32f4xx_hal_uart.o
    0x0800972a   0x0800972a   0x00000036   Code   RO         5603    i.UART_DMATransmitCplt  stm32f4xx_hal_uart.o
    0x08009760   0x08009760   0x0000000e   Code   RO         5605    i.UART_DMATxHalfCplt  stm32f4xx_hal_uart.o
    0x0800976e   0x0800976e   0x00000020   Code   RO         5607    i.UART_EndRxTransfer  stm32f4xx_hal_uart.o
    0x0800978e   0x0800978e   0x00000020   Code   RO         5608    i.UART_EndTransmit_IT  stm32f4xx_hal_uart.o
    0x080097ae   0x080097ae   0x00000014   Code   RO         5609    i.UART_EndTxTransfer  stm32f4xx_hal_uart.o
    0x080097c2   0x080097c2   0x000000a6   Code   RO         5610    i.UART_Receive_IT   stm32f4xx_hal_uart.o
    0x08009868   0x08009868   0x00000414   Code   RO         5611    i.UART_SetConfig    stm32f4xx_hal_uart.o
    0x08009c7c   0x08009c7c   0x00000068   Code   RO         5612    i.UART_Transmit_IT  stm32f4xx_hal_uart.o
    0x08009ce4   0x08009ce4   0x0000006c   Code   RO         5613    i.UART_WaitOnFlagUntilTimeout  stm32f4xx_hal_uart.o
    0x08009d50   0x08009d50   0x00000030   Code   RO         2394    i.UBX_Receive       md_ubx.o
    0x08009d80   0x08009d80   0x00000010   Code   RO         1061    i.USART2_IRQHandler  stm32f4xx_it.o
    0x08009d90   0x08009d90   0x00000010   Code   RO         1062    i.USART6_IRQHandler  stm32f4xx_it.o
    0x08009da0   0x08009da0   0x00000004   Code   RO         1063    i.UsageFault_Handler  stm32f4xx_it.o
    0x08009da4   0x08009da4   0x000002e2   Code   RO         1654    i.Velocity_Reference_Calculation  mc_pos_control.o
    0x0800a086   0x0800a086   0x00000002   PAD
    0x0800a088   0x0800a088   0x00000020   Code   RO         6348    i.__0printf         mc_w.l(printfa.o)
    0x0800a0a8   0x0800a0a8   0x00000030   Code   RO         6423    i.__ARM_fpclassify  m_wm.l(fpclassify.o)
    0x0800a0d8   0x0800a0d8   0x00000026   Code   RO         6425    i.__ARM_fpclassifyf  m_wm.l(fpclassifyf.o)
    0x0800a0fe   0x0800a0fe   0x00000012   Code   RO         1407    i.__ARM_isfinitef   position_estimator_inav.o
    0x0800a110   0x0800a110   0x00000010   Code   RO         4227    i.__NVIC_GetPriorityGrouping  stm32f4xx_hal_cortex.o
    0x0800a120   0x0800a120   0x0000002c   Code   RO         4228    i.__NVIC_SetPriority  stm32f4xx_hal_cortex.o
    0x0800a14c   0x0800a14c   0x00000004   PAD
    0x0800a150   0x0800a150   0x00000358   Code   RO         5924    i.__hardfp_acos     m_wm.l(acos.o)
    0x0800a4a8   0x0800a4a8   0x00000360   Code   RO         5938    i.__hardfp_asin     m_wm.l(asin.o)
    0x0800a808   0x0800a808   0x0000012c   Code   RO         5952    i.__hardfp_asinf    m_wm.l(asinf.o)
    0x0800a934   0x0800a934   0x00000004   PAD
    0x0800a938   0x0800a938   0x000002d8   Code   RO         6392    i.__hardfp_atan     m_wm.l(atan.o)
    0x0800ac10   0x0800ac10   0x000001f0   Code   RO         5964    i.__hardfp_atan2    m_wm.l(atan2.o)
    0x0800ae00   0x0800ae00   0x00000250   Code   RO         5976    i.__hardfp_atan2f   m_wm.l(atan2f.o)
    0x0800b050   0x0800b050   0x000000c8   Code   RO         5988    i.__hardfp_cos      m_wm.l(cos.o)
    0x0800b118   0x0800b118   0x00000150   Code   RO         6000    i.__hardfp_cosf     m_wm.l(cosf.o)
    0x0800b268   0x0800b268   0x00000014   Code   RO         6012    i.__hardfp_fabs     m_wm.l(fabs.o)
    0x0800b27c   0x0800b27c   0x00000048   Code   RO         6092    i.__hardfp_fmaxf    m_wm.l(fmaxf.o)
    0x0800b2c4   0x0800b2c4   0x00000048   Code   RO         6096    i.__hardfp_fminf    m_wm.l(fminf.o)
    0x0800b30c   0x0800b30c   0x00000664   Code   RO         6018    i.__hardfp_powf     m_wm.l(powf.o)
    0x0800b970   0x0800b970   0x000000c8   Code   RO         6032    i.__hardfp_sin      m_wm.l(sin.o)
    0x0800ba38   0x0800ba38   0x00000190   Code   RO         6044    i.__hardfp_sinf     m_wm.l(sinf.o)
    0x0800bbc8   0x0800bbc8   0x0000007a   Code   RO         6056    i.__hardfp_sqrt     m_wm.l(sqrt.o)
    0x0800bc42   0x0800bc42   0x0000003a   Code   RO         6068    i.__hardfp_sqrtf    m_wm.l(sqrtf.o)
    0x0800bc7c   0x0800bc7c   0x0000017c   Code   RO         6080    i.__hardfp_tanf     m_wm.l(tanf.o)
    0x0800bdf8   0x0800bdf8   0x00000438   Code   RO         6444    i.__ieee754_rem_pio2  m_wm.l(rred.o)
    0x0800c230   0x0800c230   0x00000170   Code   RO         6406    i.__kernel_cos      m_wm.l(cos_i.o)
    0x0800c3a0   0x0800c3a0   0x000000f8   Code   RO         6441    i.__kernel_poly     m_wm.l(poly.o)
    0x0800c498   0x0800c498   0x00000130   Code   RO         6452    i.__kernel_sin      m_wm.l(sin_i.o)
    0x0800c5c8   0x0800c5c8   0x00000014   Code   RO         6410    i.__mathlib_dbl_infnan  m_wm.l(dunder.o)
    0x0800c5dc   0x0800c5dc   0x00000014   Code   RO         6411    i.__mathlib_dbl_infnan2  m_wm.l(dunder.o)
    0x0800c5f0   0x0800c5f0   0x00000020   Code   RO         6412    i.__mathlib_dbl_invalid  m_wm.l(dunder.o)
    0x0800c610   0x0800c610   0x00000020   Code   RO         6415    i.__mathlib_dbl_underflow  m_wm.l(dunder.o)
    0x0800c630   0x0800c630   0x00000014   Code   RO         6427    i.__mathlib_flt_divzero  m_wm.l(funder.o)
    0x0800c644   0x0800c644   0x00000006   Code   RO         6428    i.__mathlib_flt_infnan  m_wm.l(funder.o)
    0x0800c64a   0x0800c64a   0x00000006   Code   RO         6429    i.__mathlib_flt_infnan2  m_wm.l(funder.o)
    0x0800c650   0x0800c650   0x00000010   Code   RO         6430    i.__mathlib_flt_invalid  m_wm.l(funder.o)
    0x0800c660   0x0800c660   0x00000010   Code   RO         6431    i.__mathlib_flt_overflow  m_wm.l(funder.o)
    0x0800c670   0x0800c670   0x00000010   Code   RO         6433    i.__mathlib_flt_underflow  m_wm.l(funder.o)
    0x0800c680   0x0800c680   0x00000154   Code   RO         6449    i.__mathlib_rredf2  m_wm.l(rredf.o)
    0x0800c7d4   0x0800c7d4   0x0000000e   Code   RO         6511    i.__scatterload_copy  mc_w.l(handlers.o)
    0x0800c7e2   0x0800c7e2   0x00000002   Code   RO         6512    i.__scatterload_null  mc_w.l(handlers.o)
    0x0800c7e4   0x0800c7e4   0x0000000e   Code   RO         6513    i.__scatterload_zeroinit  mc_w.l(handlers.o)
    0x0800c7f2   0x0800c7f2   0x00000002   PAD
    0x0800c7f4   0x0800c7f4   0x0000000c   Code   RO         6483    i.__set_errno       mc_w.l(errno.o)
    0x0800c800   0x0800c800   0x00000184   Code   RO         6355    i._fp_digits        mc_w.l(printfa.o)
    0x0800c984   0x0800c984   0x000006dc   Code   RO         6356    i._printf_core      mc_w.l(printfa.o)
    0x0800d060   0x0800d060   0x00000024   Code   RO         6357    i._printf_post_padding  mc_w.l(printfa.o)
    0x0800d084   0x0800d084   0x0000002e   Code   RO         6358    i._printf_pre_padding  mc_w.l(printfa.o)
    0x0800d0b2   0x0800d0b2   0x00000030   Code   RO         2395    i.addByteToChecksum  md_ubx.o
    0x0800d0e2   0x0800d0e2   0x00000010   Code   RO         6394    i.atan              m_wm.l(atan.o)
    0x0800d0f2   0x0800d0f2   0x000000d8   Code   RO         1211    i.cal_iir_coeff     filter.o
    0x0800d1ca   0x0800d1ca   0x00000022   Code   RO         2396    i.calcChecksum      md_ubx.o
    0x0800d1ec   0x0800d1ec   0x0000028c   Code   RO         2397    i.configure         md_ubx.o
    0x0800d478   0x0800d478   0x0000001c   Code   RO         2398    i.configureMessageRate  md_ubx.o
    0x0800d494   0x0800d494   0x00000028   Code   RO         2399    i.configureMessageRateAndAck  md_ubx.o
    0x0800d4bc   0x0800d4bc   0x0000004a   Code   RO         2840    i.crc_calculate     md_twoboardcom.o
    0x0800d506   0x0800d506   0x00000036   Code   RO         2400    i.decodeInit        md_ubx.o
    0x0800d53c   0x0800d53c   0x0000002c   Code   RO         2841    i.decode_message    md_twoboardcom.o
    0x0800d568   0x0800d568   0x000000a8   Code   RO         2842    i.extra_rc_input_value  md_twoboardcom.o
    0x0800d610   0x0800d610   0x0000000e   Code   RO         2843    i.extra_safety_switch_value  md_twoboardcom.o
    0x0800d61e   0x0800d61e   0x00000018   Code   RO         6014    i.fabs              m_wm.l(fabs.o)
    0x0800d636   0x0800d636   0x0000002c   Code   RO         2401    i.fnv1_32_str       md_ubx.o
    0x0800d662   0x0800d662   0x00000006   Code   RO          188    i.fputc             main.o
    0x0800d668   0x0800d668   0x0000000c   Code   RO         1499    i.get_System_State  scheduler.o
    0x0800d674   0x0800d674   0x0000006c   Code   RO         1212    i.get_iir_output    filter.o
    0x0800d6e0   0x0800d6e0   0x0000010c   Code   RO         1278    i.imuCalculateEstimatedAttitude  attitude_estimator_mahony.o
    0x0800d7ec   0x0800d7ec   0x000001ae   Code   RO         1279    i.imuComputeRotationMatrix  attitude_estimator_mahony.o
    0x0800d99a   0x0800d99a   0x000001e8   Code   RO         1280    i.imuInit           attitude_estimator_mahony.o
    0x0800db82   0x0800db82   0x00000076   Code   RO         1281    i.imuIsAccelerometerHealthy  attitude_estimator_mahony.o
    0x0800dbf8   0x0800dbf8   0x0000055c   Code   RO         1282    i.imuMahonyAHRSupdate  attitude_estimator_mahony.o
    0x0800e154   0x0800e154   0x00000078   Code   RO         1283    i.imuUpdateEulerAngles  attitude_estimator_mahony.o
    0x0800e1cc   0x0800e1cc   0x0000006e   Code   RO         1408    i.inertial_filter_correct  position_estimator_inav.o
    0x0800e23a   0x0800e23a   0x00000060   Code   RO         1409    i.inertial_filter_predict  position_estimator_inav.o
    0x0800e29a   0x0800e29a   0x00000024   Code   RO         1284    i.invSqrt           attitude_estimator_mahony.o
    0x0800e2be   0x0800e2be   0x000000ba   Code   RO         1744    i.isCali_XYFactor_Check_Succeed  mag_calibration.o
    0x0800e378   0x0800e378   0x0000003a   Code   RO         1285    i.isMagnetometerHealthy  attitude_estimator_mahony.o
    0x0800e3b2   0x0800e3b2   0x000001a4   Code   RO          189    i.main              main.o
    0x0800e556   0x0800e556   0x00000088   Code   RO         1410    i.map_projection_init  position_estimator_inav.o
    0x0800e5de   0x0800e5de   0x000002aa   Code   RO         1411    i.map_projection_project  position_estimator_inav.o
    0x0800e888   0x0800e888   0x00000296   Code   RO         1412    i.map_projection_reproject  position_estimator_inav.o
    0x0800eb1e   0x0800eb1e   0x0000011a   Code   RO         1570    i.mc_att_control_init  mc_att_control.o
    0x0800ec38   0x0800ec38   0x0000058c   Code   RO         1571    i.mc_rate_control   mc_att_control.o
    0x0800f1c4   0x0800f1c4   0x00000122   Code   RO         1572    i.mc_roll_pitch_control  mc_att_control.o
    0x0800f2e6   0x0800f2e6   0x0000003e   Code   RO         1573    i.mc_yaw_Init       mc_att_control.o
    0x0800f324   0x0800f324   0x000000b0   Code   RO         1655    i.nonlinear_p_caculate  mc_pos_control.o
    0x0800f3d4   0x0800f3d4   0x00000044   Code   RO         2402    i.payloadRxAdd      md_ubx.o
    0x0800f418   0x0800f418   0x000000b6   Code   RO         2403    i.payloadRxAddMonVer  md_ubx.o
    0x0800f4ce   0x0800f4ce   0x0000018e   Code   RO         2404    i.payloadRxAddNavSvinfo  md_ubx.o
    0x0800f65c   0x0800f65c   0x00000b2a   Code   RO         2405    i.payloadRxDone     md_ubx.o
    0x08010186   0x08010186   0x00000460   Code   RO         2406    i.payloadRxInit     md_ubx.o
    0x080105e6   0x080105e6   0x00000164   Code   RO         1413    i.position_estimator_inav_init  position_estimator_inav.o
    0x0801074a   0x0801074a   0x00000ee4   Code   RO         1414    i.position_estimator_inav_update  position_estimator_inav.o
    0x0801162e   0x0801162e   0x0000000e   Code   RO         2338    i.rbClear           md_gps.o
    0x0801163c   0x0801163c   0x00000012   Code   RO         2533    i.rbInit            ringbuffer.o
    0x0801164e   0x0801164e   0x00000012   Code   RO         2360    i.rbIsEmpty         md_gps.o
    0x08011660   0x08011660   0x0000002a   Code   RO         2349    i.rbPop             md_gps.o
    0x0801168a   0x0801168a   0x00000024   Code   RO         2343    i.rbPush            md_gps.o
    0x080116ae   0x080116ae   0x00000022   Code   RO         1575    i.reset_integrator  mc_att_control.o
    0x080116d0   0x080116d0   0x0000006e   Code   RO         2408    i.sendMessage       md_ubx.o
    0x0801173e   0x0801173e   0x0000000c   Code   RO         1500    i.set_System_State  scheduler.o
    0x0801174a   0x0801174a   0x0000000c   Code   RO         1897    i.set_mRed_State    md_led_driver.o
    0x08011756   0x08011756   0x0000006e   Code   RO         6058    i.sqrt              m_wm.l(sqrt.o)
    0x080117c4   0x080117c4   0x0000003e   Code   RO         6070    i.sqrtf             m_wm.l(sqrtf.o)
    0x08011802   0x08011802   0x0000009c   Code   RO         2409    i.waitForAck        md_ubx.o
    0x0801189e   0x0801189e   0x00000028   Code   RO         2410    i.write             md_ubx.o
    0x080118c6   0x080118c6   0x00000002   PAD
    0x080118c8   0x080118c8   0x0000001c   Data   RO         2412    .constdata          md_ubx.o
    0x080118e4   0x080118e4   0x00000008   Data   RO         3924    .constdata          stm32f4xx_hal_dma.o
    0x080118ec   0x080118ec   0x00000018   Data   RO         5892    .constdata          system_stm32f4xx.o
    0x08011904   0x08011904   0x00000004   PAD
    0x08011908   0x08011908   0x00000050   Data   RO         5927    .constdata          m_wm.l(acos.o)
    0x08011958   0x08011958   0x00000050   Data   RO         5941    .constdata          m_wm.l(asin.o)
    0x080119a8   0x080119a8   0x00000140   Data   RO         6021    .constdata          m_wm.l(powf.o)
    0x08011ae8   0x08011ae8   0x00000098   Data   RO         6395    .constdata          m_wm.l(atan.o)
    0x08011b80   0x08011b80   0x00000030   Data   RO         6407    .constdata          m_wm.l(cos_i.o)
    0x08011bb0   0x08011bb0   0x00000008   Data   RO         6443    .constdata          m_wm.l(qnan.o)
    0x08011bb8   0x08011bb8   0x000000c8   Data   RO         6446    .constdata          m_wm.l(rred.o)
    0x08011c80   0x08011c80   0x00000020   Data   RO         6450    .constdata          m_wm.l(rredf.o)
    0x08011ca0   0x08011ca0   0x00000028   Data   RO         6453    .constdata          m_wm.l(sin_i.o)
    0x08011cc8   0x08011cc8   0x000000b8   Data   RO         2413    .conststring        md_ubx.o
    0x08011d80   0x08011d80   0x00000020   Data   RO         6509    Region$$Table       anon$$obj.o
    0x08011da0   0x08011da0   0x00000005   Data   RO         2846    c.Com_TwoBoard_RB_Decode.00000024  md_twoboardcom.o
    0x08011da5   0x08011da5   0x00000008   Data   RO         1747    c.Mag_Calibration_Instrction.00000014  mag_calibration.o
    0x08011dad   0x08011dad   0x00000005   Data   RO         1748    c.Mag_Calibration_Operation.00000010  mag_calibration.o
    0x08011db2   0x08011db2   0x00000009   Data   RO         2415    c.ParseChar.00000014  md_ubx.o


    Execution Region RW_IRAM1 (Exec base: 0x20000000, Load base: 0x08011dbc, Size: 0x00002890, Max: 0x00030000, ABSOLUTE, COMPRESSED[0x00000070])

    Exec Addr    Load Addr    Size         Type   Attr      Idx    E Section Name        Object

    0x20000000   COMPRESSED   0x00000010   Data   RW          192    .data               main.o
    0x20000010   COMPRESSED   0x00000004   Data   RW         1248    .data               rc_process.o
    0x20000014   COMPRESSED   0x00000038   Data   RW         1287    .data               attitude_estimator_mahony.o
    0x2000004c   COMPRESSED   0x00000060   Data   RW         1352    .data               sensor.o
    0x200000ac   COMPRESSED   0x00000004   PAD
    0x200000b0   COMPRESSED   0x0000008e   Data   RW         1416    .data               position_estimator_inav.o
    0x2000013e   COMPRESSED   0x00000002   PAD
    0x20000140   COMPRESSED   0x00000020   Data   RW         1502    .data               scheduler.o
    0x20000160   COMPRESSED   0x00000088   Data   RW         1576    .data               mc_att_control.o
    0x200001e8   COMPRESSED   0x0000008e   Data   RW         1657    .data               mc_pos_control.o
    0x20000276   COMPRESSED   0x00000002   PAD
    0x20000278   COMPRESSED   0x0000003a   Data   RW         1746    .data               mag_calibration.o
    0x200002b2   COMPRESSED   0x00000004   Data   RW         1898    .data               md_led_driver.o
    0x200002b6   COMPRESSED   0x00000002   PAD
    0x200002b8   COMPRESSED   0x00000018   Data   RW         2032    .data               md_ms56xx.o
    0x200002d0   COMPRESSED   0x0000000f   Data   RW         2141    .data               md_hmc5883.o
    0x200002df   COMPRESSED   0x00000001   PAD
    0x200002e0   COMPRESSED   0x00000005   Data   RW         2268    .data               md_gps.o
    0x200002e5   COMPRESSED   0x00000003   PAD
    0x200002e8   COMPRESSED   0x00000039   Data   RW         2414    .data               md_ubx.o
    0x20000321   COMPRESSED   0x00000001   PAD
    0x20000322   COMPRESSED   0x00000006   Data   RW         2600    .data               mavlink.o
    0x20000328   COMPRESSED   0x00000008   Data   RW         2845    .data               md_twoboardcom.o
    0x20000330   COMPRESSED   0x00000009   Data   RW         4378    .data               stm32f4xx_hal.o
    0x20000339   COMPRESSED   0x00000003   PAD
    0x2000033c   COMPRESSED   0x00000004   Data   RW         5893    .data               system_stm32f4xx.o
    0x20000340   COMPRESSED   0x00000004   Data   RW         6472    .data               mc_w.l(stdout.o)
    0x20000344   COMPRESSED   0x00000004   Data   RW         6484    .data               mc_w.l(errno.o)
    0x20000348        -       0x0000000c   Zero   RW          190    .bss                main.o
    0x20000354        -       0x00000058   Zero   RW          880    .bss                spi.o
    0x200003ac        -       0x00000040   Zero   RW          922    .bss                tim.o
    0x200003ec        -       0x00000340   Zero   RW          970    .bss                usart.o
    0x2000072c        -       0x00000018   Zero   RW         1247    .bss                rc_process.o
    0x20000744        -       0x00000024   Zero   RW         1286    .bss                attitude_estimator_mahony.o
    0x20000768        -       0x00000158   Zero   RW         1351    .bss                sensor.o
    0x200008c0        -       0x0000065c   Zero   RW         1415    .bss                position_estimator_inav.o
    0x20000f1c        -       0x00000020   Zero   RW         1501    .bss                scheduler.o
    0x20000f3c        -       0x00000050   Zero   RW         1656    .bss                mc_pos_control.o
    0x20000f8c        -       0x000000ff   Zero   RW         1857    .bss                ano.o
    0x2000108b   COMPRESSED   0x00000001   PAD
    0x2000108c        -       0x00000028   Zero   RW         1956    .bss                md_mpu6000.o
    0x200010b4        -       0x00000010   Zero   RW         2029    .bss                md_ms56xx.o
    0x200010c4        -       0x00000010   Zero   RW         2139    .bss                md_hmc5883.o
    0x200010d4        -       0x00000514   Zero   RW         2267    .bss                md_gps.o
    0x200015e8        -       0x000001e8   Zero   RW         2411    .bss                md_ubx.o
    0x200017d0        -       0x00000b3c   Zero   RW         2598    .bss                mavlink.o
    0x2000230c        -       0x00000162   Zero   RW         2844    .bss                md_twoboardcom.o
    0x2000246e   COMPRESSED   0x00000002   PAD
    0x20002470        -       0x00000020   Zero   RW         3533    .bss                stm32f4xx_hal_flash.o
    0x20002490        -       0x00000400   Zero   RW            1    STACK               startup_stm32f427xx.o


==============================================================================

Image component sizes


      Code (inc. data)   RO Data    RW Data    ZI Data      Debug   Object Name

      1186          0          0          0        255       2374   ano.o
      2890          0          0         56         36       7523   attitude_estimator_mahony.o
       174          0          0          0          0        910   dma.o
       552          0          0          0          0       3455   drv_flash.o
         0          0          0          0          0     760212   example.o
       420          0          0          0          0       2583   filter.o
       432          0          0          0          0       1203   gpio.o
      1986          0         13         58          0      10176   mag_calibration.o
       702          0          0         16         12      13302   main.o
        66          0          0          6       2876       7477   mavlink.o
      2912          0          0        136          0       5665   mc_att_control.o
      5340          0          0        142         80       8454   mc_pos_control.o
       302          0          0          5       1300       8351   md_gps.o
      1860          0          0         15         16      10460   md_hmc5883.o
       342          0          0          4          0       3555   md_led_driver.o
       426          0          0          0         40       3102   md_mpu6000.o
       976          0          0         24         16       6772   md_ms56xx.o
      1144          0          5          8        354      13383   md_twoboardcom.o
      6376          0        221         57        488      25398   md_ubx.o
      5872          0          0        142       1628      16282   position_estimator_inav.o
      1484          0          0          4         24       1850   rc_process.o
        18          0          0          0          0        961   ringbuffer.o
      4706          0          0         32         32       6454   scheduler.o
      2118          0          0         96        344       5426   sensor.o
       232          0          0          0         88       1693   spi.o
        36          8        428          0       1024        820   startup_stm32f427xx.o
       236          0          0          9          0       9517   stm32f4xx_hal.o
       384          0          0          0          0      35057   stm32f4xx_hal_cortex.o
      1378          0          8          0          0       6919   stm32f4xx_hal_dma.o
       910          0          0          0         32       5822   stm32f4xx_hal_flash.o
       604          0          0          0          0       3330   stm32f4xx_hal_flash_ex.o
      1030          0          0          0          0       3286   stm32f4xx_hal_gpio.o
        86          0          0          0          0        922   stm32f4xx_hal_msp.o
      2178          0          0          0          0       5600   stm32f4xx_hal_rcc.o
      1392          0          0          0          0       5804   stm32f4xx_hal_spi.o
       780          0          0          0          0       5727   stm32f4xx_hal_tim.o
       194          0          0          0          0       2545   stm32f4xx_hal_tim_ex.o
      2854          0          0          0          0      15616   stm32f4xx_hal_uart.o
       208          0          0          0          0       9202   stm32f4xx_it.o
        40          0         24          4          0       1199   system_stm32f4xx.o
       170          0          0          0         64       1610   tim.o
      1774          0          0          0        832       5403   usart.o

    ----------------------------------------------------------------------
     56778          8        736        832       9544    1045400   Object Totals
         0          0         32          0          0          0   (incl. Generated)
         8          0          5         18          3          0   (incl. Padding)

    ----------------------------------------------------------------------

      Code (inc. data)   RO Data    RW Data    ZI Data      Debug   Library Member Name

       856        118         80          0          0        288   acos.o
       864         94         80          0          0        280   asin.o
       300         42          0          0          0        176   asinf.o
       744        106        152          0          0        352   atan.o
       496         64          0          0          0        192   atan2.o
       592         90          0          0          0        184   atan2f.o
       200         20          0          0          0        164   cos.o
       368         46         48          0          0        200   cos_i.o
       336         56          0          0          0        136   cosf.o
       104         16          0          0          0        496   dunder.o
        44          0          0          0          0        248   fabs.o
        72          0          0          0          0        148   fmaxf.o
        72          0          0          0          0        148   fminf.o
        48          0          0          0          0        124   fpclassify.o
        38          0          0          0          0        116   fpclassifyf.o
        80         24          0          0          0        696   funder.o
       248          0          0          0          0        152   poly.o
      1636        110        320          0          0        372   powf.o
         0          0          8          0          0          0   qnan.o
      1080        142        200          0          0        188   rred.o
       340         24         32          0          0        160   rredf.o
       200         20          0          0          0        164   sin.o
       304         24         40          0          0        208   sin_i.o
       400         56          0          0          0        212   sinf.o
       232          0          0          0          0        296   sqrt.o
       120          0          0          0          0        272   sqrtf.o
       380         58          0          0          0        200   tanf.o
        86          0          0          0          0          0   __dczerorl2.o
         0          0          0          0          0          0   entry.o
         0          0          0          0          0          0   entry10a.o
         0          0          0          0          0          0   entry11a.o
         8          4          0          0          0          0   entry2.o
         4          0          0          0          0          0   entry5.o
         0          0          0          0          0          0   entry7b.o
         0          0          0          0          0          0   entry8b.o
         8          4          0          0          0          0   entry9a.o
        12          6          0          4          0         68   errno.o
        30          0          0          0          0          0   handlers.o
        36          8          0          0          0         68   init.o
         0          0          0          0          0          0   iusefp.o
        98          0          0          0          0         84   ldiv.o
        30          0          0          0          0         68   llshl.o
        36          0          0          0          0         68   llsshr.o
        32          0          0          0          0         68   llushr.o
        36          0          0          0          0         68   memcpya.o
        36          0          0          0          0        108   memseta.o
      2258         90          0          0          0        452   printfa.o
         0          0          0          4          0          0   stdout.o
        44          0          0          0          0         80   uidiv.o
        98          0          0          0          0         92   uldiv.o
        48          0          0          0          0         68   cdcmple.o
        48          0          0          0          0         68   cdrcmple.o
        56          0          0          0          0         88   d2f.o
       334          0          0          0          0        148   dadd.o
       222          0          0          0          0        100   ddiv.o
       186          0          0          0          0        176   depilogue.o
        62          0          0          0          0         80   dfixi.o
        48          0          0          0          0         68   dfixul.o
        34          0          0          0          0         76   dflti.o
        26          0          0          0          0         76   dfltui.o
       228          0          0          0          0         96   dmul.o
       162          0          0          0          0        100   dsqrt.o
        38          0          0          0          0         68   f2d.o
        54          0          0          0          0         68   fcmp4.o
       110          0          0          0          0        168   fepilogue.o
         4          0          0          0          0         68   fpstat.o

    ----------------------------------------------------------------------
     14674       1226        960          8          0       8912   Library Totals
         8          4          0          0          0          0   (incl. Padding)

    ----------------------------------------------------------------------

      Code (inc. data)   RO Data    RW Data    ZI Data      Debug   Library Name

     10154       1110        960          0          0       6172   m_wm.l
      2852        112          0          8          0       1224   mc_w.l
      1660          0          0          0          0       1516   mf_w.l

    ----------------------------------------------------------------------
     14674       1226        960          8          0       8912   Library Totals

    ----------------------------------------------------------------------

==============================================================================


      Code (inc. data)   RO Data    RW Data    ZI Data      Debug   

     71452       1234       1696        840       9544    1022940   Grand Totals
     71452       1234       1696        112       9544    1022940   ELF Image Totals (compressed)
     71452       1234       1696        112          0          0   ROM Totals

==============================================================================

    Total RO  Size (Code + RO Data)                73148 (  71.43kB)
    Total RW  Size (RW Data + ZI Data)             10384 (  10.14kB)
    Total ROM Size (Code + RO Data + RW Data)      73260 (  71.54kB)

==============================================================================

