<html>
<body>
<pre>
<h1>µVision Build Log</h1>
<h2>Tool Versions:</h2>
IDE-Version: ¦ÌVision V5.26.2.0
Copyright (C) 2018 ARM Ltd and ARM Germany GmbH. All rights reserved.
License Information: j c, jc, LIC=9WSKC-7URPH-VEIHA-15YSW-56IJJ-QIQ6P
 
Tool Versions:
Toolchain:       MDK-ARM Plus  Version: 5.26.2.0
Toolchain Path:  C:\Keil_v5\ARM\ARMCC\Bin
C Compiler:      Armcc.exe V5.06 update 6 (build 750)
Assembler:       Armasm.exe V5.06 update 6 (build 750)
Linker/Locator:  ArmLink.exe V5.06 update 6 (build 750)
Library Manager: ArmAr.exe V5.06 update 6 (build 750)
Hex Converter:   FromElf.exe V5.06 update 6 (build 750)
CPU DLL:         SARMCM3.DLL V5.26.2.0
Dialog DLL:      DCM.DLL V1.17.2.0
Target DLL:      STLink\ST-LINKIII-KEIL_SWO.dll V3.0.5.0
Dialog DLL:      TCM.DLL V1.36.1.0
 
<h2>Project:</h2>
E:\project\FMU_Code\MDK-ARM\FMU_Code.uvprojx
Project File Date:  05/04/2020

<h2>Output:</h2>
*** Using Compiler 'V5.06 update 6 (build 750)', folder: 'C:\Keil_v5\ARM\ARMCC\Bin'
Rebuild target 'FMU_Code'
assembling startup_stm32f427xx.s...
compiling spi.c...
compiling dma.c...
compiling example.c...
compiling tim.c...
compiling gpio.c...
compiling usart.c...
compiling main.c...
compiling stm32f4xx_hal_msp.c...
compiling stm32f4xx_it.c...
compiling rc_process.c...
compiling filter.c...
compiling attitude_estimator_mahony.c...
compiling position_estimator_inav.c...
compiling sensor.c...
compiling scheduler.c...
compiling mc_pos_control.c...
compiling Mag_calibration.c...
compiling mc_att_control.c...
compiling md_led_driver.c...
compiling ANO.c...
compiling md_mpu6000.c...
compiling md_ms56xx.c...
compiling md_hmc5883.c...
compiling ringbuffer.c...
compiling md_twoboardcom.c...
compiling md_gps.c...
compiling md_ubx.c...
compiling drv_flash.c...
compiling mavlink.c...
compiling stm32f4xx_hal_spi.c...
compiling stm32f4xx_hal_rcc.c...
compiling stm32f4xx_hal_flash_ex.c...
compiling stm32f4xx_hal_flash.c...
compiling stm32f4xx_hal_rcc_ex.c...
compiling stm32f4xx_hal_flash_ramfunc.c...
compiling stm32f4xx_hal_gpio.c...
compiling stm32f4xx_hal_dma_ex.c...
compiling stm32f4xx_hal_dma.c...
compiling stm32f4xx_hal_pwr_ex.c...
compiling stm32f4xx_hal_pwr.c...
compiling stm32f4xx_hal_cortex.c...
compiling stm32f4xx_hal.c...
compiling stm32f4xx_hal_exti.c...
compiling system_stm32f4xx.c...
compiling stm32f4xx_hal_tim_ex.c...
compiling stm32f4xx_hal_uart.c...
compiling stm32f4xx_hal_tim.c...
linking...
FMU_Code\FMU_Code.axf: Warning: L6480W: Disabling string merging for md_ubx.o(.conststring). Relocated MOVT referring to string .conststring has a non-zero addend, which is not supported.
Program Size: Code=71452 RO-data=1696 RW-data=840 ZI-data=9544  
Finished: 0 information, 1 warning and 0 error messages.
FromELF: creating hex file...
"FMU_Code\FMU_Code.axf" - 0 Error(s), 1 Warning(s).

<h2>Software Packages used:</h2>

Package Vendor: ARM
                http://www.keil.com/pack/ARM.CMSIS.5.4.0.pack
                ARM.CMSIS.5.4.0
                CMSIS (Cortex Microcontroller Software Interface Standard)
   * Component: CORE Version: 5.1.2

Package Vendor: Keil
                http://www.keil.com/pack/Keil.STM32F4xx_DFP.2.14.0.pack
                Keil.STM32F4xx_DFP.2.14.0
                STMicroelectronics STM32F4 Series Device Support, Drivers and Examples

<h2>Collection of Component include folders:</h2>
  .\RTE\_FMU_Code
  C:\Keil_v5\ARM\PACK\ARM\CMSIS\5.4.0\CMSIS\Core\Include
  C:\Keil_v5\ARM\PACK\Keil\STM32F4xx_DFP\2.14.0\Drivers\CMSIS\Device\ST\STM32F4xx\Include

<h2>Collection of Component Files used:</h2>

   * Component: ARM::CMSIS:CORE:5.1.2
Build Time Elapsed:  00:00:43
</pre>
</body>
</html>
